<?xml version="1.0" encoding="ISO-8859-1" ?>
<link_info>
   <banner>TMS320C2000 Linker PC v22.6.1.LTS</banner>
   <copyright>Copyright (c) 1996-2018 Texas Instruments Incorporated</copyright>
   <link_time>0x6749d48b</link_time>
   <link_errors>0x0</link_errors>
   <output_file>uinv_F280039C_vFinal.out</output_file>
   <entry_point>
      <name>code_start</name>
      <address>0x80000</address>
   </entry_point>
   <input_file_list>
      <input_file id="fl-2">
         <path>.\syscfg\</path>
         <kind>object</kind>
         <file>board.obj</file>
         <name>board.obj</name>
      </input_file>
      <input_file id="fl-4">
         <path>.\syscfg\</path>
         <kind>object</kind>
         <file>device_cmd.obj</file>
         <name>device_cmd.obj</name>
      </input_file>
      <input_file id="fl-5">
         <path>.\syscfg\</path>
         <kind>object</kind>
         <file>c2000ware_libraries.obj</file>
         <name>c2000ware_libraries.obj</name>
      </input_file>
      <input_file id="fl-8">
         <path>.\</path>
         <kind>object</kind>
         <file>uinv_dcac.obj</file>
         <name>uinv_dcac.obj</name>
      </input_file>
      <input_file id="fl-9">
         <path>.\</path>
         <kind>object</kind>
         <file>uinv_dcdc.obj</file>
         <name>uinv_dcdc.obj</name>
      </input_file>
      <input_file id="fl-2d">
         <path>C:\ti\ccs1280\ccs\tools\compiler\ti-cgt-c2000_22.6.1.LTS\lib\</path>
         <kind>archive</kind>
         <file>rts2800_fpu32_eabi.lib</file>
         <name>s_tanf.c.obj</name>
      </input_file>
      <input_file id="fl-2e">
         <path>C:\ti\ccs1280\ccs\tools\compiler\ti-cgt-c2000_22.6.1.LTS\lib\</path>
         <kind>archive</kind>
         <file>rts2800_fpu32_eabi.lib</file>
         <name>sprintf.c.obj</name>
      </input_file>
      <input_file id="fl-33">
         <path>C:\ti\ccs1280\ccs\tools\compiler\ti-cgt-c2000_22.6.1.LTS\lib\</path>
         <kind>archive</kind>
         <file>rts2800_fpu32_eabi.lib</file>
         <name>memcpy.c.obj</name>
      </input_file>
      <input_file id="fl-34">
         <path>C:\ti\ccs1280\ccs\tools\compiler\ti-cgt-c2000_22.6.1.LTS\lib\</path>
         <kind>archive</kind>
         <file>rts2800_fpu32_eabi.lib</file>
         <name>pre_init.c.obj</name>
      </input_file>
      <input_file id="fl-36">
         <path>C:\ti\ccs1280\ccs\tools\compiler\ti-cgt-c2000_22.6.1.LTS\lib\</path>
         <kind>archive</kind>
         <file>rts2800_fpu32_eabi.lib</file>
         <name>copy_zero_init.c.obj</name>
      </input_file>
      <input_file id="fl-37">
         <path>C:\ti\ccs1280\ccs\tools\compiler\ti-cgt-c2000_22.6.1.LTS\lib\</path>
         <kind>archive</kind>
         <file>rts2800_fpu32_eabi.lib</file>
         <name>copy_decompress_none.c.obj</name>
      </input_file>
      <input_file id="fl-38">
         <path>C:\ti\ccs1280\ccs\tools\compiler\ti-cgt-c2000_22.6.1.LTS\lib\</path>
         <kind>archive</kind>
         <file>rts2800_fpu32_eabi.lib</file>
         <name>copy_decompress_lzss.c.obj</name>
      </input_file>
      <input_file id="fl-3a">
         <path>C:\ti\ccs1280\ccs\tools\compiler\ti-cgt-c2000_22.6.1.LTS\lib\</path>
         <kind>archive</kind>
         <file>rts2800_fpu32_eabi.lib</file>
         <name>_lock.c.obj</name>
      </input_file>
      <input_file id="fl-3c">
         <path>C:\ti\ccs1280\ccs\tools\compiler\ti-cgt-c2000_22.6.1.LTS\lib\</path>
         <kind>archive</kind>
         <file>rts2800_fpu32_eabi.lib</file>
         <name>memset.c.obj</name>
      </input_file>
      <input_file id="fl-3d">
         <path>C:\ti\ccs1280\ccs\tools\compiler\ti-cgt-c2000_22.6.1.LTS\lib\</path>
         <kind>archive</kind>
         <file>rts2800_fpu32_eabi.lib</file>
         <name>strlen.c.obj</name>
      </input_file>
      <input_file id="fl-4a">
         <path>C:\ti\ccs1280\ccs\tools\compiler\ti-cgt-c2000_22.6.1.LTS\lib\</path>
         <kind>archive</kind>
         <file>rts2800_fpu32_eabi.lib</file>
         <name>cpy_tbl.c.obj</name>
      </input_file>
      <input_file id="fl-4c">
         <path>C:\ti\ccs1280\ccs\tools\compiler\ti-cgt-c2000_22.6.1.LTS\lib\</path>
         <kind>archive</kind>
         <file>rts2800_fpu32_eabi.lib</file>
         <name>_ltoa.c.obj</name>
      </input_file>
      <input_file id="fl-4d">
         <path>C:\ti\ccs1280\ccs\tools\compiler\ti-cgt-c2000_22.6.1.LTS\lib\</path>
         <kind>archive</kind>
         <file>rts2800_fpu32_eabi.lib</file>
         <name>atoi.c.obj</name>
      </input_file>
      <input_file id="fl-4e">
         <path>C:\ti\ccs1280\ccs\tools\compiler\ti-cgt-c2000_22.6.1.LTS\lib\</path>
         <kind>archive</kind>
         <file>rts2800_fpu32_eabi.lib</file>
         <name>ctype.c.obj</name>
      </input_file>
      <input_file id="fl-4f">
         <path>C:\ti\ccs1280\ccs\tools\compiler\ti-cgt-c2000_22.6.1.LTS\lib\</path>
         <kind>archive</kind>
         <file>rts2800_fpu32_eabi.lib</file>
         <name>memccpy.c.obj</name>
      </input_file>
      <input_file id="fl-50">
         <path>C:\ti\ccs1280\ccs\tools\compiler\ti-cgt-c2000_22.6.1.LTS\lib\</path>
         <kind>archive</kind>
         <file>rts2800_fpu32_eabi.lib</file>
         <name>strchr.c.obj</name>
      </input_file>
      <input_file id="fl-51">
         <path>C:\ti\ccs1280\ccs\tools\compiler\ti-cgt-c2000_22.6.1.LTS\lib\</path>
         <kind>archive</kind>
         <file>rts2800_fpu32_eabi.lib</file>
         <name>strcpy.c.obj</name>
      </input_file>
      <input_file id="fl-52">
         <path>C:\ti\ccs1280\ccs\tools\compiler\ti-cgt-c2000_22.6.1.LTS\lib\</path>
         <kind>archive</kind>
         <file>rts2800_fpu32_eabi.lib</file>
         <name>errno.c.obj</name>
      </input_file>
      <input_file id="fl-53">
         <path>C:\ti\ccs1280\ccs\tools\compiler\ti-cgt-c2000_22.6.1.LTS\lib\</path>
         <kind>archive</kind>
         <file>rts2800_fpu32_eabi.lib</file>
         <name>s_frexp.c.obj</name>
      </input_file>
      <input_file id="fl-54">
         <path>C:\ti\ccs1280\ccs\tools\compiler\ti-cgt-c2000_22.6.1.LTS\lib\</path>
         <kind>archive</kind>
         <file>rts2800_fpu32_eabi.lib</file>
         <name>s_scalbn.c.obj</name>
      </input_file>
      <input_file id="fl-55">
         <path>C:\ti\ccs1280\ccs\tools\compiler\ti-cgt-c2000_22.6.1.LTS\lib\</path>
         <kind>archive</kind>
         <file>rts2800_fpu32_eabi.lib</file>
         <name>wcslen.c.obj</name>
      </input_file>
      <input_file id="fl-58">
         <path>C:\ti\ccs1280\ccs\tools\compiler\ti-cgt-c2000_22.6.1.LTS\lib\</path>
         <kind>archive</kind>
         <file>rts2800_fpu32_eabi.lib</file>
         <name>s_copysign.c.obj</name>
      </input_file>
      <input_file id="fl-59">
         <path>C:\Users\usuario\AppData\Local\Temp\</path>
         <kind>object</kind>
         <file>{CBB3A021-0116-4DB1-AE50-6BD0AF9E95C3}</file>
         <name>{CBB3A021-0116-4DB1-AE50-6BD0AF9E95C3}</name>
      </input_file>
      <input_file id="fl-3">
         <path>.\syscfg\</path>
         <kind>object</kind>
         <file>device.obj</file>
         <name>device.obj</name>
      </input_file>
      <input_file id="fl-6">
         <path>.\</path>
         <kind>object</kind>
         <file>f28003x_codestartbranch.obj</file>
         <name>f28003x_codestartbranch.obj</name>
      </input_file>
      <input_file id="fl-7">
         <path>.\</path>
         <kind>object</kind>
         <file>uinv_comms.obj</file>
         <name>uinv_comms.obj</name>
      </input_file>
      <input_file id="fl-a">
         <path>.\</path>
         <kind>object</kind>
         <file>uinv_main.obj</file>
         <name>uinv_main.obj</name>
      </input_file>
      <input_file id="fl-b">
         <path>.\libraries\DCL\</path>
         <kind>object</kind>
         <file>DCL_DF22_C1.obj</file>
         <name>DCL_DF22_C1.obj</name>
      </input_file>
      <input_file id="fl-c">
         <path>.\libraries\sfra\</path>
         <kind>object</kind>
         <file>sfra_gui_scicomms_driverlib.obj</file>
         <name>sfra_gui_scicomms_driverlib.obj</name>
      </input_file>
      <input_file id="fl-14">
         <kind>object</kind>
         <file>&lt;internal&gt;</file>
         <name>&lt;internal&gt;</name>
      </input_file>
      <input_file id="fl-15">
         <path>C:\Users\usuario\OneDrive - Jose Miguel Sanz Alcaine\CodeComposer\workspace_uinv_final_auto\uinv_F280039C_vFinal\libraries\FPUfastRTS\</path>
         <kind>archive</kind>
         <file>rts2800_fpu32_fast_supplement_eabi.lib</file>
         <name>pow_f32.obj</name>
      </input_file>
      <input_file id="fl-16">
         <path>C:\Users\usuario\OneDrive - Jose Miguel Sanz Alcaine\CodeComposer\workspace_uinv_final_auto\uinv_F280039C_vFinal\libraries\FPUfastRTS\</path>
         <kind>archive</kind>
         <file>rts2800_fpu32_fast_supplement_eabi.lib</file>
         <name>exptable_f32.obj</name>
      </input_file>
      <input_file id="fl-17">
         <path>C:\Users\usuario\OneDrive - Jose Miguel Sanz Alcaine\CodeComposer\workspace_uinv_final_auto\uinv_F280039C_vFinal\libraries\FPUfastRTS\</path>
         <kind>archive</kind>
         <file>rts2800_fpu32_fast_supplement_eabi.lib</file>
         <name>logtable_f32.obj</name>
      </input_file>
      <input_file id="fl-18">
         <path>C:\Users\usuario\OneDrive - Jose Miguel Sanz Alcaine\CodeComposer\workspace_uinv_final_auto\uinv_F280039C_vFinal\device\driverlib\ccs\Release\</path>
         <kind>archive</kind>
         <file>driverlib.lib</file>
         <name>adc.obj</name>
      </input_file>
      <input_file id="fl-19">
         <path>C:\Users\usuario\OneDrive - Jose Miguel Sanz Alcaine\CodeComposer\workspace_uinv_final_auto\uinv_F280039C_vFinal\device\driverlib\ccs\Release\</path>
         <kind>archive</kind>
         <file>driverlib.lib</file>
         <name>cmpss.obj</name>
      </input_file>
      <input_file id="fl-1a">
         <path>C:\Users\usuario\OneDrive - Jose Miguel Sanz Alcaine\CodeComposer\workspace_uinv_final_auto\uinv_F280039C_vFinal\device\driverlib\ccs\Release\</path>
         <kind>archive</kind>
         <file>driverlib.lib</file>
         <name>dcc.obj</name>
      </input_file>
      <input_file id="fl-1b">
         <path>C:\Users\usuario\OneDrive - Jose Miguel Sanz Alcaine\CodeComposer\workspace_uinv_final_auto\uinv_F280039C_vFinal\device\driverlib\ccs\Release\</path>
         <kind>archive</kind>
         <file>driverlib.lib</file>
         <name>ecap.obj</name>
      </input_file>
      <input_file id="fl-1c">
         <path>C:\Users\usuario\OneDrive - Jose Miguel Sanz Alcaine\CodeComposer\workspace_uinv_final_auto\uinv_F280039C_vFinal\device\driverlib\ccs\Release\</path>
         <kind>archive</kind>
         <file>driverlib.lib</file>
         <name>epwm.obj</name>
      </input_file>
      <input_file id="fl-1d">
         <path>C:\Users\usuario\OneDrive - Jose Miguel Sanz Alcaine\CodeComposer\workspace_uinv_final_auto\uinv_F280039C_vFinal\device\driverlib\ccs\Release\</path>
         <kind>archive</kind>
         <file>driverlib.lib</file>
         <name>gpio.obj</name>
      </input_file>
      <input_file id="fl-1e">
         <path>C:\Users\usuario\OneDrive - Jose Miguel Sanz Alcaine\CodeComposer\workspace_uinv_final_auto\uinv_F280039C_vFinal\device\driverlib\ccs\Release\</path>
         <kind>archive</kind>
         <file>driverlib.lib</file>
         <name>interrupt.obj</name>
      </input_file>
      <input_file id="fl-1f">
         <path>C:\Users\usuario\OneDrive - Jose Miguel Sanz Alcaine\CodeComposer\workspace_uinv_final_auto\uinv_F280039C_vFinal\device\driverlib\ccs\Release\</path>
         <kind>archive</kind>
         <file>driverlib.lib</file>
         <name>sci.obj</name>
      </input_file>
      <input_file id="fl-20">
         <path>C:\Users\usuario\OneDrive - Jose Miguel Sanz Alcaine\CodeComposer\workspace_uinv_final_auto\uinv_F280039C_vFinal\device\driverlib\ccs\Release\</path>
         <kind>archive</kind>
         <file>driverlib.lib</file>
         <name>sysctl.obj</name>
      </input_file>
      <input_file id="fl-21">
         <path>C:\Users\usuario\OneDrive - Jose Miguel Sanz Alcaine\CodeComposer\workspace_uinv_final_auto\uinv_F280039C_vFinal\device\driverlib\ccs\Release\</path>
         <kind>archive</kind>
         <file>driverlib.lib</file>
         <name>xbar.obj</name>
      </input_file>
      <input_file id="fl-2f">
         <path>C:\ti\ccs1280\ccs\tools\compiler\ti-cgt-c2000_22.6.1.LTS\lib\</path>
         <kind>archive</kind>
         <file>rts2800_fpu32_eabi.lib</file>
         <name>boot28.asm.obj</name>
      </input_file>
      <input_file id="fl-30">
         <path>C:\ti\ccs1280\ccs\tools\compiler\ti-cgt-c2000_22.6.1.LTS\lib\</path>
         <kind>archive</kind>
         <file>rts2800_fpu32_eabi.lib</file>
         <name>fs_div28.asm.obj</name>
      </input_file>
      <input_file id="fl-31">
         <path>C:\ti\ccs1280\ccs\tools\compiler\ti-cgt-c2000_22.6.1.LTS\lib\</path>
         <kind>archive</kind>
         <file>rts2800_fpu32_eabi.lib</file>
         <name>ll_cmp28.asm.obj</name>
      </input_file>
      <input_file id="fl-32">
         <path>C:\ti\ccs1280\ccs\tools\compiler\ti-cgt-c2000_22.6.1.LTS\lib\</path>
         <kind>archive</kind>
         <file>rts2800_fpu32_eabi.lib</file>
         <name>i_div28.asm.obj</name>
      </input_file>
      <input_file id="fl-35">
         <path>C:\ti\ccs1280\ccs\tools\compiler\ti-cgt-c2000_22.6.1.LTS\lib\</path>
         <kind>archive</kind>
         <file>rts2800_fpu32_eabi.lib</file>
         <name>autoinit.c.obj</name>
      </input_file>
      <input_file id="fl-39">
         <path>C:\ti\ccs1280\ccs\tools\compiler\ti-cgt-c2000_22.6.1.LTS\lib\</path>
         <kind>archive</kind>
         <file>rts2800_fpu32_eabi.lib</file>
         <name>exit.c.obj</name>
      </input_file>
      <input_file id="fl-3b">
         <path>C:\ti\ccs1280\ccs\tools\compiler\ti-cgt-c2000_22.6.1.LTS\lib\</path>
         <kind>archive</kind>
         <file>rts2800_fpu32_eabi.lib</file>
         <name>args_main.c.obj</name>
      </input_file>
      <input_file id="fl-3e">
         <path>C:\ti\ccs1280\ccs\tools\compiler\ti-cgt-c2000_22.6.1.LTS\lib\</path>
         <kind>archive</kind>
         <file>rts2800_fpu32_eabi.lib</file>
         <name>_printfi.c.obj</name>
      </input_file>
      <input_file id="fl-3f">
         <path>C:\ti\ccs1280\ccs\tools\compiler\ti-cgt-c2000_22.6.1.LTS\lib\</path>
         <kind>archive</kind>
         <file>rts2800_fpu32_eabi.lib</file>
         <name>fd_cmp28.asm.obj</name>
      </input_file>
      <input_file id="fl-40">
         <path>C:\ti\ccs1280\ccs\tools\compiler\ti-cgt-c2000_22.6.1.LTS\lib\</path>
         <kind>archive</kind>
         <file>rts2800_fpu32_eabi.lib</file>
         <name>fd_mpy28.asm.obj</name>
      </input_file>
      <input_file id="fl-41">
         <path>C:\ti\ccs1280\ccs\tools\compiler\ti-cgt-c2000_22.6.1.LTS\lib\</path>
         <kind>archive</kind>
         <file>rts2800_fpu32_eabi.lib</file>
         <name>fd_neg28.asm.obj</name>
      </input_file>
      <input_file id="fl-42">
         <path>C:\ti\ccs1280\ccs\tools\compiler\ti-cgt-c2000_22.6.1.LTS\lib\</path>
         <kind>archive</kind>
         <file>rts2800_fpu32_eabi.lib</file>
         <name>fd_sub28.asm.obj</name>
      </input_file>
      <input_file id="fl-43">
         <path>C:\ti\ccs1280\ccs\tools\compiler\ti-cgt-c2000_22.6.1.LTS\lib\</path>
         <kind>archive</kind>
         <file>rts2800_fpu32_eabi.lib</file>
         <name>fd_toi28.asm.obj</name>
      </input_file>
      <input_file id="fl-44">
         <path>C:\ti\ccs1280\ccs\tools\compiler\ti-cgt-c2000_22.6.1.LTS\lib\</path>
         <kind>archive</kind>
         <file>rts2800_fpu32_eabi.lib</file>
         <name>fd_tol28.asm.obj</name>
      </input_file>
      <input_file id="fl-45">
         <path>C:\ti\ccs1280\ccs\tools\compiler\ti-cgt-c2000_22.6.1.LTS\lib\</path>
         <kind>archive</kind>
         <file>rts2800_fpu32_eabi.lib</file>
         <name>ll_aox28.asm.obj</name>
      </input_file>
      <input_file id="fl-46">
         <path>C:\ti\ccs1280\ccs\tools\compiler\ti-cgt-c2000_22.6.1.LTS\lib\</path>
         <kind>archive</kind>
         <file>rts2800_fpu32_eabi.lib</file>
         <name>ll_div28.asm.obj</name>
      </input_file>
      <input_file id="fl-47">
         <path>C:\ti\ccs1280\ccs\tools\compiler\ti-cgt-c2000_22.6.1.LTS\lib\</path>
         <kind>archive</kind>
         <file>rts2800_fpu32_eabi.lib</file>
         <name>i_tofd28.asm.obj</name>
      </input_file>
      <input_file id="fl-48">
         <path>C:\ti\ccs1280\ccs\tools\compiler\ti-cgt-c2000_22.6.1.LTS\lib\</path>
         <kind>archive</kind>
         <file>rts2800_fpu32_eabi.lib</file>
         <name>l_tofd28.asm.obj</name>
      </input_file>
      <input_file id="fl-49">
         <path>C:\ti\ccs1280\ccs\tools\compiler\ti-cgt-c2000_22.6.1.LTS\lib\</path>
         <kind>archive</kind>
         <file>rts2800_fpu32_eabi.lib</file>
         <name>fd_div28.asm.obj</name>
      </input_file>
      <input_file id="fl-4b">
         <path>C:\ti\ccs1280\ccs\tools\compiler\ti-cgt-c2000_22.6.1.LTS\lib\</path>
         <kind>archive</kind>
         <file>rts2800_fpu32_eabi.lib</file>
         <name>startup.c.obj</name>
      </input_file>
      <input_file id="fl-56">
         <path>C:\ti\ccs1280\ccs\tools\compiler\ti-cgt-c2000_22.6.1.LTS\lib\</path>
         <kind>archive</kind>
         <file>rts2800_fpu32_eabi.lib</file>
         <name>fd_add28.asm.obj</name>
      </input_file>
      <input_file id="fl-57">
         <path>C:\ti\ccs1280\ccs\tools\compiler\ti-cgt-c2000_22.6.1.LTS\lib\</path>
         <kind>archive</kind>
         <file>rts2800_fpu32_eabi.lib</file>
         <name>l_div28.asm.obj</name>
      </input_file>
   </input_file_list>
   <object_component_list>
      <object_component id="oc-22">
         <name>codestart</name>
         <load_address>0x80000</load_address>
         <run_address>0x80000</run_address>
         <size>0x2</size>
         <input_file_ref idref="fl-6"/>
      </object_component>
      <object_component id="oc-c6">
         <name>.text:EPWM_init</name>
         <load_address>0x82000</load_address>
         <run_address>0x82000</run_address>
         <size>0x961</size>
         <input_file_ref idref="fl-2"/>
      </object_component>
      <object_component id="oc-43d">
         <name>.text:__TI_printfi</name>
         <load_address>0x82961</load_address>
         <run_address>0x82961</run_address>
         <size>0x614</size>
         <input_file_ref idref="fl-3e"/>
      </object_component>
      <object_component id="oc-c0">
         <name>.text:myECAP0_init</name>
         <load_address>0x82f75</load_address>
         <run_address>0x82f75</run_address>
         <size>0x8b</size>
         <input_file_ref idref="fl-2"/>
      </object_component>
      <object_component id="oc-471">
         <name>.text</name>
         <load_address>0x83000</load_address>
         <run_address>0x83000</run_address>
         <size>0x6c2</size>
         <input_file_ref idref="fl-3e"/>
      </object_component>
      <object_component id="oc-95">
         <name>.text:SYSCTL_init</name>
         <load_address>0x836c2</load_address>
         <run_address>0x836c2</run_address>
         <size>0x3a1</size>
         <input_file_ref idref="fl-2"/>
      </object_component>
      <object_component id="oc-2f2">
         <name>.text:uINV_DCAC_GlobalVariablesInit</name>
         <load_address>0x83a63</load_address>
         <run_address>0x83a63</run_address>
         <size>0x308</size>
         <input_file_ref idref="fl-8"/>
      </object_component>
      <object_component id="oc-37b">
         <name>.text:uINV_DCDC_init_boost$4</name>
         <load_address>0x83d6b</load_address>
         <run_address>0x83d6b</run_address>
         <size>0x23a</size>
         <input_file_ref idref="fl-9"/>
      </object_component>
      <object_component id="oc-4b6">
         <name>.text</name>
         <load_address>0x83fa5</load_address>
         <run_address>0x83fa5</run_address>
         <size>0x5a</size>
         <input_file_ref idref="fl-53"/>
      </object_component>
      <object_component id="oc-30e">
         <name>.text:C2000Ware_libraries_init</name>
         <load_address>0x83fff</load_address>
         <run_address>0x83fff</run_address>
         <size>0x1</size>
         <input_file_ref idref="fl-5"/>
      </object_component>
      <object_component id="oc-8f">
         <name>.text:PinMux_init</name>
         <load_address>0x84340</load_address>
         <run_address>0x84340</run_address>
         <size>0x1e1</size>
         <input_file_ref idref="fl-2"/>
      </object_component>
      <object_component id="oc-30a">
         <name>.text:uINV_DCDC_test</name>
         <load_address>0x84521</load_address>
         <run_address>0x84521</run_address>
         <size>0x1c0</size>
         <input_file_ref idref="fl-9"/>
      </object_component>
      <object_component id="oc-2e0">
         <name>.text:A1</name>
         <load_address>0x846e1</load_address>
         <run_address>0x846e1</run_address>
         <size>0x133</size>
         <input_file_ref idref="fl-a"/>
      </object_component>
      <object_component id="oc-331">
         <name>.text:SysCtl_setClock</name>
         <load_address>0x84814</load_address>
         <run_address>0x84814</run_address>
         <size>0x11d</size>
         <input_file_ref idref="fl-20"/>
      </object_component>
      <object_component id="oc-45d">
         <name>.text</name>
         <load_address>0x84931</load_address>
         <run_address>0x84931</run_address>
         <size>0x107</size>
         <input_file_ref idref="fl-46"/>
      </object_component>
      <object_component id="oc-406">
         <name>.text:uINV_DCAC_GaN_temp</name>
         <load_address>0x84a38</load_address>
         <run_address>0x84a38</run_address>
         <size>0x107</size>
         <input_file_ref idref="fl-8"/>
      </object_component>
      <object_component id="oc-15e">
         <name>.text:uINV_StartConverters</name>
         <load_address>0x84b3f</load_address>
         <run_address>0x84b3f</run_address>
         <size>0xed</size>
         <input_file_ref idref="fl-7"/>
      </object_component>
      <object_component id="oc-3a0">
         <name>.text:SysCtl_isPLLValid</name>
         <load_address>0x84c2c</load_address>
         <run_address>0x84c2c</run_address>
         <size>0xe9</size>
         <input_file_ref idref="fl-20"/>
      </object_component>
      <object_component id="oc-375">
         <name>.text:uINV_DCDC_init_protection$4</name>
         <load_address>0x84d15</load_address>
         <run_address>0x84d15</run_address>
         <size>0xe9</size>
         <input_file_ref idref="fl-9"/>
      </object_component>
      <object_component id="oc-d2">
         <name>.text:GPIO_init</name>
         <load_address>0x84dfe</load_address>
         <run_address>0x84dfe</run_address>
         <size>0xe3</size>
         <input_file_ref idref="fl-2"/>
      </object_component>
      <object_component id="oc-3dd">
         <name>.text:solar_uinverter_to_string</name>
         <load_address>0x84ee1</load_address>
         <run_address>0x84ee1</run_address>
         <size>0xce</size>
         <input_file_ref idref="fl-7"/>
      </object_component>
      <object_component id="oc-2f8">
         <name>.text:uINV_comms_init</name>
         <load_address>0x84faf</load_address>
         <run_address>0x84faf</run_address>
         <size>0x4b</size>
         <input_file_ref idref="fl-7"/>
      </object_component>
      <object_component id="oc-73">
         <name>.text:decompress:ZI</name>
         <load_address>0x84ffa</load_address>
         <run_address>0x84ffa</run_address>
         <size>0x6</size>
         <input_file_ref idref="fl-36"/>
      </object_component>
      <object_component id="oc-3aa">
         <name>.text:uINV_DCAC_test</name>
         <load_address>0x85000</load_address>
         <run_address>0x85000</run_address>
         <size>0xcb</size>
         <input_file_ref idref="fl-8"/>
      </object_component>
      <object_component id="oc-a2">
         <name>.text:ADC_B_init</name>
         <load_address>0x850cb</load_address>
         <run_address>0x850cb</run_address>
         <size>0xc8</size>
         <input_file_ref idref="fl-2"/>
      </object_component>
      <object_component id="oc-388">
         <name>.text:uINV_comms_update_data</name>
         <load_address>0x85193</load_address>
         <run_address>0x85193</run_address>
         <size>0xc5</size>
         <input_file_ref idref="fl-7"/>
      </object_component>
      <object_component id="oc-a8">
         <name>.text:ADC_C_init</name>
         <load_address>0x85258</load_address>
         <run_address>0x85258</run_address>
         <size>0xc0</size>
         <input_file_ref idref="fl-2"/>
      </object_component>
      <object_component id="oc-22f">
         <name>.text:checkPanels_ON_OFF</name>
         <load_address>0x85318</load_address>
         <run_address>0x85318</run_address>
         <size>0xb7</size>
         <input_file_ref idref="fl-7"/>
      </object_component>
      <object_component id="oc-4bc">
         <name>.text</name>
         <load_address>0x853cf</load_address>
         <run_address>0x853cf</run_address>
         <size>0xac</size>
         <input_file_ref idref="fl-54"/>
      </object_component>
      <object_component id="oc-383">
         <name>.text</name>
         <load_address>0x8547b</load_address>
         <run_address>0x8547b</run_address>
         <size>0xa0</size>
         <input_file_ref idref="fl-15"/>
      </object_component>
      <object_component id="oc-4dc">
         <name>.text</name>
         <load_address>0x8551b</load_address>
         <run_address>0x8551b</run_address>
         <size>0x9c</size>
         <input_file_ref idref="fl-56"/>
      </object_component>
      <object_component id="oc-ba">
         <name>.text:CMPSS_SR_init</name>
         <load_address>0x855b7</load_address>
         <run_address>0x855b7</run_address>
         <size>0x99</size>
         <input_file_ref idref="fl-2"/>
      </object_component>
      <object_component id="oc-11f">
         <name>.text:uINV_DCAC_pll_run</name>
         <load_address>0x85650</load_address>
         <run_address>0x85650</run_address>
         <size>0x92</size>
         <input_file_ref idref="fl-a"/>
      </object_component>
      <object_component id="oc-15b">
         <name>.text:uINV_Check</name>
         <load_address>0x856e2</load_address>
         <run_address>0x856e2</run_address>
         <size>0x90</size>
         <input_file_ref idref="fl-7"/>
      </object_component>
      <object_component id="oc-9c">
         <name>.text:ADC_A_init</name>
         <load_address>0x85772</load_address>
         <run_address>0x85772</run_address>
         <size>0x8e</size>
         <input_file_ref idref="fl-2"/>
      </object_component>
      <object_component id="oc-39">
         <name>.text:Board_init</name>
         <load_address>0x85800</load_address>
         <run_address>0x85800</run_address>
         <size>0x8e</size>
         <input_file_ref idref="fl-2"/>
      </object_component>
      <object_component id="oc-492">
         <name>.text</name>
         <load_address>0x8588e</load_address>
         <run_address>0x8588e</run_address>
         <size>0x8b</size>
         <input_file_ref idref="fl-49"/>
      </object_component>
      <object_component id="oc-400">
         <name>.text</name>
         <load_address>0x85919</load_address>
         <run_address>0x85919</run_address>
         <size>0x88</size>
         <input_file_ref idref="fl-30"/>
      </object_component>
      <object_component id="oc-b4">
         <name>.text:myCMPSS_init</name>
         <load_address>0x859a1</load_address>
         <run_address>0x859a1</run_address>
         <size>0x87</size>
         <input_file_ref idref="fl-2"/>
      </object_component>
      <object_component id="oc-304">
         <name>.text:uINV_DCAC_Init</name>
         <load_address>0x85a28</load_address>
         <run_address>0x85a28</run_address>
         <size>0x87</size>
         <input_file_ref idref="fl-8"/>
      </object_component>
      <object_component id="oc-497">
         <name>.text</name>
         <load_address>0x85aaf</load_address>
         <run_address>0x85aaf</run_address>
         <size>0x83</size>
         <input_file_ref idref="fl-40"/>
      </object_component>
      <object_component id="oc-158">
         <name>.text:uINV_StopBoost</name>
         <load_address>0x85b32</load_address>
         <run_address>0x85b32</run_address>
         <size>0x83</size>
         <input_file_ref idref="fl-7"/>
      </object_component>
      <object_component id="oc-111">
         <name>.text:computeDF22_PRcontrollerCoeff</name>
         <load_address>0x85bb5</load_address>
         <run_address>0x85bb5</run_address>
         <size>0x72</size>
         <input_file_ref idref="fl-8"/>
      </object_component>
      <object_component id="oc-36d">
         <name>.text:computeDF22_NotchFltrCoeff</name>
         <load_address>0x85c27</load_address>
         <run_address>0x85c27</run_address>
         <size>0x6e</size>
         <input_file_ref idref="fl-8"/>
      </object_component>
      <object_component id="oc-d8">
         <name>.text:SCI_COMMS_init</name>
         <load_address>0x85c95</load_address>
         <run_address>0x85c95</run_address>
         <size>0x69</size>
         <input_file_ref idref="fl-2"/>
      </object_component>
      <object_component id="oc-292">
         <name>.text:main</name>
         <load_address>0x85cfe</load_address>
         <run_address>0x85cfe</run_address>
         <size>0x69</size>
         <input_file_ref idref="fl-a"/>
      </object_component>
      <object_component id="oc-201">
         <name>.text</name>
         <load_address>0x85d67</load_address>
         <run_address>0x85d67</run_address>
         <size>0x60</size>
         <input_file_ref idref="fl-2d"/>
      </object_component>
      <object_component id="oc-2ce">
         <name>.text:Device_init</name>
         <load_address>0x85dc7</load_address>
         <run_address>0x85dc7</run_address>
         <size>0x5c</size>
         <input_file_ref idref="fl-3"/>
      </object_component>
      <object_component id="oc-337">
         <name>.text:SysCtl_getClock</name>
         <load_address>0x85e23</load_address>
         <run_address>0x85e23</run_address>
         <size>0x59</size>
         <input_file_ref idref="fl-20"/>
      </object_component>
      <object_component id="oc-eb">
         <name>.text:uINV_DCDC_fail</name>
         <load_address>0x85e7c</load_address>
         <run_address>0x85e7c</run_address>
         <size>0x55</size>
         <input_file_ref idref="fl-9"/>
      </object_component>
      <object_component id="oc-175">
         <name>.text:GPIO_setAnalogMode</name>
         <load_address>0x85ed1</load_address>
         <run_address>0x85ed1</run_address>
         <size>0x45</size>
         <input_file_ref idref="fl-1d"/>
      </object_component>
      <object_component id="oc-3f9">
         <name>.text:SysCtl_selectXTAL</name>
         <load_address>0x85f16</load_address>
         <run_address>0x85f16</run_address>
         <size>0x45</size>
         <input_file_ref idref="fl-20"/>
      </object_component>
      <object_component id="oc-1c6">
         <name>.text:EPWM_setActionQualifierAction$0</name>
         <load_address>0x85f5b</load_address>
         <run_address>0x85f5b</run_address>
         <size>0x43</size>
         <input_file_ref idref="fl-2"/>
      </object_component>
      <object_component id="oc-3c9">
         <name>.text:init_boost_pi_i$4</name>
         <load_address>0x85f9e</load_address>
         <run_address>0x85f9e</run_address>
         <size>0x42</size>
         <input_file_ref idref="fl-9"/>
      </object_component>
      <object_component id="oc-1d5">
         <name>.text:GPIO_setDirectionMode</name>
         <load_address>0x85fe0</load_address>
         <run_address>0x85fe0</run_address>
         <size>0x20</size>
         <input_file_ref idref="fl-1d"/>
      </object_component>
      <object_component id="oc-f1">
         <name>.text:init_boost_pi_i</name>
         <load_address>0x86190</load_address>
         <run_address>0x86190</run_address>
         <size>0x42</size>
         <input_file_ref idref="fl-a"/>
      </object_component>
      <object_component id="oc-2ec">
         <name>.text:Interrupt_initModule</name>
         <load_address>0x861d2</load_address>
         <run_address>0x861d2</run_address>
         <size>0x41</size>
         <input_file_ref idref="fl-1e"/>
      </object_component>
      <object_component id="oc-3cf">
         <name>.text:init_boost_pi_v$4</name>
         <load_address>0x86213</load_address>
         <run_address>0x86213</run_address>
         <size>0x41</size>
         <input_file_ref idref="fl-9"/>
      </object_component>
      <object_component id="oc-f7">
         <name>.text:init_boost_pi_v</name>
         <load_address>0x86254</load_address>
         <run_address>0x86254</run_address>
         <size>0x41</size>
         <input_file_ref idref="fl-a"/>
      </object_component>
      <object_component id="oc-17b">
         <name>.text:GPIO_setPadConfig</name>
         <load_address>0x86295</load_address>
         <run_address>0x86295</run_address>
         <size>0x3f</size>
         <input_file_ref idref="fl-1d"/>
      </object_component>
      <object_component id="oc-423">
         <name>.text:SysCtl_pollX1Counter</name>
         <load_address>0x862d4</load_address>
         <run_address>0x862d4</run_address>
         <size>0x3e</size>
         <input_file_ref idref="fl-20"/>
      </object_component>
      <object_component id="oc-30c">
         <name>.text:uINV_comms_test</name>
         <load_address>0x86312</load_address>
         <run_address>0x86312</run_address>
         <size>0x3b</size>
         <input_file_ref idref="fl-7"/>
      </object_component>
      <object_component id="oc-164">
         <name>.text:uINV_SystemInit</name>
         <load_address>0x8634d</load_address>
         <run_address>0x8634d</run_address>
         <size>0x3a</size>
         <input_file_ref idref="fl-7"/>
      </object_component>
      <object_component id="oc-1cc">
         <name>.text:EPWM_setTripZoneAction$0</name>
         <load_address>0x86387</load_address>
         <run_address>0x86387</run_address>
         <size>0x38</size>
         <input_file_ref idref="fl-2"/>
      </object_component>
      <object_component id="oc-87">
         <name>.text:uINV_controller_PLC</name>
         <load_address>0x863bf</load_address>
         <run_address>0x863bf</run_address>
         <size>0x38</size>
         <input_file_ref idref="fl-7"/>
      </object_component>
      <object_component id="oc-de">
         <name>.text:Interrupt_enable</name>
         <load_address>0x863f7</load_address>
         <run_address>0x863f7</run_address>
         <size>0x36</size>
         <input_file_ref idref="fl-1e"/>
      </object_component>
      <object_component id="oc-26e">
         <name>.text:__TI_auto_init_nopinit</name>
         <load_address>0x8642d</load_address>
         <run_address>0x8642d</run_address>
         <size>0x34</size>
         <input_file_ref idref="fl-35"/>
      </object_component>
      <object_component id="oc-418">
         <name>.text</name>
         <load_address>0x86461</load_address>
         <run_address>0x86461</run_address>
         <size>0x32</size>
         <input_file_ref idref="fl-2e"/>
      </object_component>
      <object_component id="oc-452">
         <name>.text</name>
         <load_address>0x86493</load_address>
         <run_address>0x86493</run_address>
         <size>0x31</size>
         <input_file_ref idref="fl-4d"/>
      </object_component>
      <object_component id="oc-155">
         <name>.text:uINV_StopConversion</name>
         <load_address>0x864c4</load_address>
         <run_address>0x864c4</run_address>
         <size>0x31</size>
         <input_file_ref idref="fl-7"/>
      </object_component>
      <object_component id="oc-16f">
         <name>.text:GPIO_setPinConfig</name>
         <load_address>0x864f5</load_address>
         <run_address>0x864f5</run_address>
         <size>0x30</size>
         <input_file_ref idref="fl-1d"/>
      </object_component>
      <object_component id="oc-15">
         <name>.text:decompress:lzss</name>
         <load_address>0x86525</load_address>
         <run_address>0x86525</run_address>
         <size>0x30</size>
         <input_file_ref idref="fl-38"/>
      </object_component>
      <object_component id="oc-4a1">
         <name>.text</name>
         <load_address>0x86555</load_address>
         <run_address>0x86555</run_address>
         <size>0x30</size>
         <input_file_ref idref="fl-4c"/>
      </object_component>
      <object_component id="oc-2c2">
         <name>.text</name>
         <load_address>0x86585</load_address>
         <run_address>0x86585</run_address>
         <size>0x30</size>
         <input_file_ref idref="fl-4a"/>
      </object_component>
      <object_component id="oc-161">
         <name>.text:uINV_WaitPanels</name>
         <load_address>0x865b5</load_address>
         <run_address>0x865b5</run_address>
         <size>0x2e</size>
         <input_file_ref idref="fl-7"/>
      </object_component>
      <object_component id="oc-39a">
         <name>.text:SysCtl_selectOscSource</name>
         <load_address>0x865e3</load_address>
         <run_address>0x865e3</run_address>
         <size>0x2d</size>
         <input_file_ref idref="fl-20"/>
      </object_component>
      <object_component id="oc-cc">
         <name>.text:XBAR_setEPWMMuxConfig</name>
         <load_address>0x86610</load_address>
         <run_address>0x86610</run_address>
         <size>0x2b</size>
         <input_file_ref idref="fl-21"/>
      </object_component>
      <object_component id="oc-488">
         <name>.text</name>
         <load_address>0x8663b</load_address>
         <run_address>0x8663b</run_address>
         <size>0x2a</size>
         <input_file_ref idref="fl-3f"/>
      </object_component>
      <object_component id="oc-4d5">
         <name>.text</name>
         <load_address>0x86665</load_address>
         <run_address>0x86665</run_address>
         <size>0x2a</size>
         <input_file_ref idref="fl-57"/>
      </object_component>
      <object_component id="oc-21d">
         <name>.text</name>
         <load_address>0x8668f</load_address>
         <run_address>0x8668f</run_address>
         <size>0x29</size>
         <input_file_ref idref="fl-39"/>
      </object_component>
      <object_component id="oc-ae">
         <name>.text:myCLB0_init</name>
         <load_address>0x866b8</load_address>
         <run_address>0x866b8</run_address>
         <size>0x27</size>
         <input_file_ref idref="fl-2"/>
      </object_component>
      <object_component id="oc-38e">
         <name>.text:uINV_comms_send</name>
         <load_address>0x866df</load_address>
         <run_address>0x866df</run_address>
         <size>0x26</size>
         <input_file_ref idref="fl-7"/>
      </object_component>
      <object_component id="oc-4e5">
         <name>.text</name>
         <load_address>0x86705</load_address>
         <run_address>0x86705</run_address>
         <size>0x24</size>
         <input_file_ref idref="fl-58"/>
      </object_component>
      <object_component id="oc-1e8">
         <name>.text:SCI_setConfig</name>
         <load_address>0x86729</load_address>
         <run_address>0x86729</run_address>
         <size>0x23</size>
         <input_file_ref idref="fl-1f"/>
      </object_component>
      <object_component id="oc-1db">
         <name>.text:GPIO_setControllerCore</name>
         <load_address>0x8674c</load_address>
         <run_address>0x8674c</run_address>
         <size>0x22</size>
         <input_file_ref idref="fl-1d"/>
      </object_component>
      <object_component id="oc-181">
         <name>.text:GPIO_setQualificationMode</name>
         <load_address>0x8676e</load_address>
         <run_address>0x8676e</run_address>
         <size>0x22</size>
         <input_file_ref idref="fl-1d"/>
      </object_component>
      <object_component id="oc-3ec">
         <name>.text:SCI_writeCharArray</name>
         <load_address>0x86790</load_address>
         <run_address>0x86790</run_address>
         <size>0x22</size>
         <input_file_ref idref="fl-1f"/>
      </object_component>
      <object_component id="oc-412">
         <name>.text</name>
         <load_address>0x867b2</load_address>
         <run_address>0x867b2</run_address>
         <size>0x22</size>
         <input_file_ref idref="fl-32"/>
      </object_component>
      <object_component id="oc-3f3">
         <name>.text:SysCtl_selectXTALSingleEnded</name>
         <load_address>0x867d4</load_address>
         <run_address>0x867d4</run_address>
         <size>0x21</size>
         <input_file_ref idref="fl-20"/>
      </object_component>
      <object_component id="oc-4b1">
         <name>.text</name>
         <load_address>0x867f5</load_address>
         <run_address>0x867f5</run_address>
         <size>0x21</size>
         <input_file_ref idref="fl-43"/>
      </object_component>
      <object_component id="oc-1ab">
         <name>.text:CMPSS_configRamp</name>
         <load_address>0x86816</load_address>
         <run_address>0x86816</run_address>
         <size>0x1f</size>
         <input_file_ref idref="fl-19"/>
      </object_component>
      <object_component id="oc-49c">
         <name>.text</name>
         <load_address>0x86835</load_address>
         <run_address>0x86835</run_address>
         <size>0x1f</size>
         <input_file_ref idref="fl-44"/>
      </object_component>
      <object_component id="oc-458">
         <name>.text</name>
         <load_address>0x86854</load_address>
         <run_address>0x86854</run_address>
         <size>0x1e</size>
         <input_file_ref idref="fl-31"/>
      </object_component>
      <object_component id="oc-4c2">
         <name>.text</name>
         <load_address>0x86872</load_address>
         <run_address>0x86872</run_address>
         <size>0x1d</size>
         <input_file_ref idref="fl-47"/>
      </object_component>
      <object_component id="oc-66">
         <name>.text</name>
         <load_address>0x8688f</load_address>
         <run_address>0x8688f</run_address>
         <size>0x1d</size>
         <input_file_ref idref="fl-33"/>
      </object_component>
      <object_component id="oc-1e2">
         <name>.text:SCI_clearInterruptStatus</name>
         <load_address>0x868ac</load_address>
         <run_address>0x868ac</run_address>
         <size>0x1c</size>
         <input_file_ref idref="fl-1f"/>
      </object_component>
      <object_component id="oc-4a7">
         <name>.text</name>
         <load_address>0x868c8</load_address>
         <run_address>0x868c8</run_address>
         <size>0x1c</size>
         <input_file_ref idref="fl-48"/>
      </object_component>
      <object_component id="oc-241">
         <name>.text:ADC_setOffsetTrimAll</name>
         <load_address>0x868e4</load_address>
         <run_address>0x868e4</run_address>
         <size>0x1a</size>
         <input_file_ref idref="fl-18"/>
      </object_component>
      <object_component id="oc-195">
         <name>.text:ADC_setVREF</name>
         <load_address>0x868fe</load_address>
         <run_address>0x868fe</run_address>
         <size>0x19</size>
         <input_file_ref idref="fl-18"/>
      </object_component>
      <object_component id="oc-19f">
         <name>.text:CMPSS_configFilterHigh</name>
         <load_address>0x86917</load_address>
         <run_address>0x86917</run_address>
         <size>0x19</size>
         <input_file_ref idref="fl-19"/>
      </object_component>
      <object_component id="oc-1a5">
         <name>.text:CMPSS_configFilterLow</name>
         <load_address>0x86930</load_address>
         <run_address>0x86930</run_address>
         <size>0x19</size>
         <input_file_ref idref="fl-19"/>
      </object_component>
      <object_component id="oc-462">
         <name>.text</name>
         <load_address>0x86949</load_address>
         <run_address>0x86949</run_address>
         <size>0x18</size>
         <input_file_ref idref="fl-45"/>
      </object_component>
      <object_component id="oc-137">
         <name>.text</name>
         <load_address>0x86961</load_address>
         <run_address>0x86961</run_address>
         <size>0x17</size>
         <input_file_ref idref="fl-2f"/>
      </object_component>
      <object_component id="oc-2fe">
         <name>.text:uINV_DCDC_init</name>
         <load_address>0x86978</load_address>
         <run_address>0x86978</run_address>
         <size>0x17</size>
         <input_file_ref idref="fl-9"/>
      </object_component>
      <object_component id="oc-1b1">
         <name>.text:CMPSS_configLatchOnPWMSYNC</name>
         <load_address>0x8698f</load_address>
         <run_address>0x8698f</run_address>
         <size>0x15</size>
         <input_file_ref idref="fl-19"/>
      </object_component>
      <object_component id="oc-4d">
         <name>.text:Interrupt_initVectorTable</name>
         <load_address>0x869a4</load_address>
         <run_address>0x869a4</run_address>
         <size>0x15</size>
         <input_file_ref idref="fl-1e"/>
      </object_component>
      <object_component id="oc-33d">
         <name>.text:SysCtl_getLowSpeedClock</name>
         <load_address>0x869b9</load_address>
         <run_address>0x869b9</run_address>
         <size>0x15</size>
         <input_file_ref idref="fl-20"/>
      </object_component>
      <object_component id="oc-188">
         <name>.text:SysCtl_configureType</name>
         <load_address>0x869ce</load_address>
         <run_address>0x869ce</run_address>
         <size>0x13</size>
         <input_file_ref idref="fl-20"/>
      </object_component>
      <object_component id="oc-18e">
         <name>.text:SysCtl_setPeripheralAccessControl$0</name>
         <load_address>0x869e1</load_address>
         <run_address>0x869e1</run_address>
         <size>0x12</size>
         <input_file_ref idref="fl-2"/>
      </object_component>
      <object_component id="oc-2d4">
         <name>.text:Device_initGPIO</name>
         <load_address>0x869f3</load_address>
         <run_address>0x869f3</run_address>
         <size>0x10</size>
         <input_file_ref idref="fl-3"/>
      </object_component>
      <object_component id="oc-44a">
         <name>.text</name>
         <load_address>0x86a03</load_address>
         <run_address>0x86a03</run_address>
         <size>0x10</size>
         <input_file_ref idref="fl-4f"/>
      </object_component>
      <object_component id="oc-4ac">
         <name>.text</name>
         <load_address>0x86a13</load_address>
         <run_address>0x86a13</run_address>
         <size>0xe</size>
         <input_file_ref idref="fl-42"/>
      </object_component>
      <object_component id="oc-1b9">
         <name>.text:ECAP_setEmulationMode</name>
         <load_address>0x86a21</load_address>
         <run_address>0x86a21</run_address>
         <size>0xd</size>
         <input_file_ref idref="fl-1b"/>
      </object_component>
      <object_component id="oc-5d">
         <name>.text:Interrupt_defaultHandler</name>
         <load_address>0x86a2e</load_address>
         <run_address>0x86a2e</run_address>
         <size>0xc</size>
         <input_file_ref idref="fl-1e"/>
      </object_component>
      <object_component id="oc-217">
         <name>.text</name>
         <load_address>0x86a3a</load_address>
         <run_address>0x86a3a</run_address>
         <size>0xc</size>
         <input_file_ref idref="fl-3b"/>
      </object_component>
      <object_component id="oc-4c7">
         <name>.text</name>
         <load_address>0x86a46</load_address>
         <run_address>0x86a46</run_address>
         <size>0xc</size>
         <input_file_ref idref="fl-50"/>
      </object_component>
      <object_component id="oc-467">
         <name>.text</name>
         <load_address>0x86a52</load_address>
         <run_address>0x86a52</run_address>
         <size>0xb</size>
         <input_file_ref idref="fl-55"/>
      </object_component>
      <object_component id="oc-2da">
         <name>.text:A0</name>
         <load_address>0x86a5d</load_address>
         <run_address>0x86a5d</run_address>
         <size>0xa</size>
         <input_file_ref idref="fl-a"/>
      </object_component>
      <object_component id="oc-345">
         <name>.text:B0</name>
         <load_address>0x86a67</load_address>
         <run_address>0x86a67</run_address>
         <size>0xa</size>
         <input_file_ref idref="fl-a"/>
      </object_component>
      <object_component id="oc-57">
         <name>.text:Interrupt_illegalOperationHandler</name>
         <load_address>0x86a71</load_address>
         <run_address>0x86a71</run_address>
         <size>0xa</size>
         <input_file_ref idref="fl-1e"/>
      </object_component>
      <object_component id="oc-4b">
         <name>.text:Interrupt_nmiHandler</name>
         <load_address>0x86a7b</load_address>
         <run_address>0x86a7b</run_address>
         <size>0xa</size>
         <input_file_ref idref="fl-1e"/>
      </object_component>
      <object_component id="oc-1c0">
         <name>.text:EPWM_setEmulationMode</name>
         <load_address>0x86a85</load_address>
         <run_address>0x86a85</run_address>
         <size>0x9</size>
         <input_file_ref idref="fl-1c"/>
      </object_component>
      <object_component id="oc-48d">
         <name>.text</name>
         <load_address>0x86a8e</load_address>
         <run_address>0x86a8e</run_address>
         <size>0x9</size>
         <input_file_ref idref="fl-41"/>
      </object_component>
      <object_component id="oc-2e6">
         <name>.text:B1</name>
         <load_address>0x86a97</load_address>
         <run_address>0x86a97</run_address>
         <size>0x8</size>
         <input_file_ref idref="fl-a"/>
      </object_component>
      <object_component id="oc-34d">
         <name>.text:B2</name>
         <load_address>0x86a9f</load_address>
         <run_address>0x86a9f</run_address>
         <size>0x8</size>
         <input_file_ref idref="fl-a"/>
      </object_component>
      <object_component id="oc-3b0">
         <name>.text:B3</name>
         <load_address>0x86aa7</load_address>
         <run_address>0x86aa7</run_address>
         <size>0x8</size>
         <input_file_ref idref="fl-a"/>
      </object_component>
      <object_component id="oc-1b">
         <name>.text:decompress:none</name>
         <load_address>0x86aaf</load_address>
         <run_address>0x86aaf</run_address>
         <size>0x8</size>
         <input_file_ref idref="fl-37"/>
      </object_component>
      <object_component id="oc-79">
         <name>.text</name>
         <load_address>0x86ab7</load_address>
         <run_address>0x86ab7</run_address>
         <size>0x8</size>
         <input_file_ref idref="fl-6"/>
      </object_component>
      <object_component id="oc-3e3">
         <name>.text</name>
         <load_address>0x86abf</load_address>
         <run_address>0x86abf</run_address>
         <size>0x8</size>
         <input_file_ref idref="fl-3d"/>
      </object_component>
      <object_component id="oc-130">
         <name>.text</name>
         <load_address>0x86ac7</load_address>
         <run_address>0x86ac7</run_address>
         <size>0x7</size>
         <input_file_ref idref="fl-3c"/>
      </object_component>
      <object_component id="oc-444">
         <name>.text</name>
         <load_address>0x86ace</load_address>
         <run_address>0x86ace</run_address>
         <size>0x5</size>
         <input_file_ref idref="fl-51"/>
      </object_component>
      <object_component id="oc-10b">
         <name>.text:__error__</name>
         <load_address>0x86ad3</load_address>
         <run_address>0x86ad3</run_address>
         <size>0x3</size>
         <input_file_ref idref="fl-3"/>
      </object_component>
      <object_component id="oc-210">
         <name>.text</name>
         <load_address>0x86ad6</load_address>
         <run_address>0x86ad6</run_address>
         <size>0x2</size>
         <input_file_ref idref="fl-34"/>
      </object_component>
      <object_component id="oc-32b">
         <name>.text:CMD_init</name>
         <load_address>0x86ad8</load_address>
         <run_address>0x86ad8</run_address>
         <size>0x1</size>
         <input_file_ref idref="fl-4"/>
      </object_component>
      <object_component id="oc-31a">
         <name>.text</name>
         <load_address>0x86ad9</load_address>
         <run_address>0x86ad9</run_address>
         <size>0x1</size>
         <input_file_ref idref="fl-3a"/>
      </object_component>
      <object_component id="oc-2b9">
         <name>.text</name>
         <load_address>0x86ada</load_address>
         <run_address>0x86ada</run_address>
         <size>0x1</size>
         <input_file_ref idref="fl-4b"/>
      </object_component>
      <object_component id="oc-3f">
         <name>.TI.ramfunc:ISR2</name>
         <load_address>0x81000</load_address>
         <run_address>0xf000</run_address>
         <size>0x76e</size>
         <input_file_ref idref="fl-a"/>
      </object_component>
      <object_component id="oc-45">
         <name>.TI.ramfunc:ISR1</name>
         <load_address>0x8176e</load_address>
         <run_address>0xf76e</run_address>
         <size>0x6e6</size>
         <input_file_ref idref="fl-a"/>
      </object_component>
      <object_component id="oc-33">
         <name>.TI.ramfunc:ISR3</name>
         <load_address>0x81e54</load_address>
         <run_address>0xfe54</run_address>
         <size>0x3d</size>
         <input_file_ref idref="fl-a"/>
      </object_component>
      <object_component id="oc-9b">
         <name>.TI.ramfunc</name>
         <load_address>0x81e91</load_address>
         <run_address>0xfe91</run_address>
         <size>0x4</size>
         <input_file_ref idref="fl-20"/>
      </object_component>
      <object_component id="oc-4f1">
         <name>.binit</name>
         <load_address>0x80008</load_address>
         <run_address>0x80008</run_address>
         <size>0x14</size>
      </object_component>
      <object_component id="oc-51c">
         <name>__TI_BINIT_Limit</name>
         <load_address>0x8001c</load_address>
         <run_address>0x8001c</run_address>
         <size>0x0</size>
      </object_component>
      <object_component id="oc-536">
         <name>.cinit..data.1.load</name>
         <load_address>0x81e98</load_address>
         <run_address>0x81e98</run_address>
         <size>0x23</size>
      </object_component>
      <object_component id="oc-537">
         <name>.cinit..data.2.load</name>
         <load_address>0x81ebb</load_address>
         <run_address>0x81ebb</run_address>
         <size>0x21</size>
      </object_component>
      <object_component id="oc-538">
         <name>.cinit..data.3.load</name>
         <load_address>0x81edc</load_address>
         <run_address>0x81edc</run_address>
         <size>0x1d</size>
      </object_component>
      <object_component id="oc-539">
         <name>.cinit..data.4.load</name>
         <load_address>0x81ef9</load_address>
         <run_address>0x81ef9</run_address>
         <size>0x6</size>
      </object_component>
      <object_component id="oc-518">
         <name>__TI_handler_table</name>
         <load_address>0x81f00</load_address>
         <run_address>0x81f00</run_address>
         <size>0x6</size>
      </object_component>
      <object_component id="oc-52e">
         <name>.cinit..bss.1.load</name>
         <load_address>0x81f06</load_address>
         <run_address>0x81f06</run_address>
         <size>0x4</size>
      </object_component>
      <object_component id="oc-52f">
         <name>.cinit..bss.2.load</name>
         <load_address>0x81f0a</load_address>
         <run_address>0x81f0a</run_address>
         <size>0x4</size>
      </object_component>
      <object_component id="oc-530">
         <name>.cinit..bss.3.load</name>
         <load_address>0x81f0e</load_address>
         <run_address>0x81f0e</run_address>
         <size>0x4</size>
      </object_component>
      <object_component id="oc-531">
         <name>.cinit..bss.4.load</name>
         <load_address>0x81f12</load_address>
         <run_address>0x81f12</run_address>
         <size>0x4</size>
      </object_component>
      <object_component id="oc-532">
         <name>.cinit..bss.5.load</name>
         <load_address>0x81f16</load_address>
         <run_address>0x81f16</run_address>
         <size>0x4</size>
      </object_component>
      <object_component id="oc-533">
         <name>.cinit..bss.6.load</name>
         <load_address>0x81f1a</load_address>
         <run_address>0x81f1a</run_address>
         <size>0x4</size>
      </object_component>
      <object_component id="oc-534">
         <name>.cinit..bss.7.load</name>
         <load_address>0x81f1e</load_address>
         <run_address>0x81f1e</run_address>
         <size>0x4</size>
      </object_component>
      <object_component id="oc-519">
         <name>__TI_cinit_table</name>
         <load_address>0x81f22</load_address>
         <run_address>0x81f22</run_address>
         <size>0x2c</size>
      </object_component>
      <object_component id="oc-63">
         <name>.stack</name>
         <uninitialized>true</uninitialized>
         <run_address>0x400</run_address>
         <size>0x0</size>
         <input_file_ref idref="fl-2f"/>
      </object_component>
      <object_component id="oc-51d">
         <name>.stack</name>
         <uninitialized>true</uninitialized>
         <run_address>0x400</run_address>
         <size>0x0</size>
      </object_component>
      <object_component id="oc-361">
         <name>.bss:uINV_DCAC_dBuff5</name>
         <uninitialized>true</uninitialized>
         <run_address>0x8800</run_address>
         <size>0x640</size>
         <input_file_ref idref="fl-8"/>
      </object_component>
      <object_component id="oc-101">
         <name>.bss</name>
         <uninitialized>true</uninitialized>
         <run_address>0x8e40</run_address>
         <size>0x182</size>
         <input_file_ref idref="fl-8"/>
      </object_component>
      <object_component id="oc-152">
         <name>.bss</name>
         <uninitialized>true</uninitialized>
         <run_address>0x8fc2</run_address>
         <size>0x38</size>
         <input_file_ref idref="fl-7"/>
      </object_component>
      <object_component id="oc-364">
         <name>.bss:uINV_DCAC_dBuff6</name>
         <uninitialized>true</uninitialized>
         <run_address>0x9000</run_address>
         <size>0x640</size>
         <input_file_ref idref="fl-8"/>
      </object_component>
      <object_component id="oc-355">
         <name>.bss:uINV_DCAC_dBuff1</name>
         <uninitialized>true</uninitialized>
         <run_address>0x9640</run_address>
         <size>0xc8</size>
         <input_file_ref idref="fl-8"/>
      </object_component>
      <object_component id="oc-358">
         <name>.bss:uINV_DCAC_dBuff2</name>
         <uninitialized>true</uninitialized>
         <run_address>0x9708</run_address>
         <size>0xc8</size>
         <input_file_ref idref="fl-8"/>
      </object_component>
      <object_component id="oc-104">
         <name>.bss</name>
         <uninitialized>true</uninitialized>
         <run_address>0x97d0</run_address>
         <size>0x1c</size>
         <input_file_ref idref="fl-a"/>
      </object_component>
      <object_component id="oc-367">
         <name>.bss:uINV_DCAC_dBuff7</name>
         <uninitialized>true</uninitialized>
         <run_address>0x9800</run_address>
         <size>0x640</size>
         <input_file_ref idref="fl-8"/>
      </object_component>
      <object_component id="oc-35b">
         <name>.bss:uINV_DCAC_dBuff3</name>
         <uninitialized>true</uninitialized>
         <run_address>0x9e40</run_address>
         <size>0xc8</size>
         <input_file_ref idref="fl-8"/>
      </object_component>
      <object_component id="oc-35e">
         <name>.bss:uINV_DCAC_dBuff4</name>
         <uninitialized>true</uninitialized>
         <run_address>0x9f08</run_address>
         <size>0xc8</size>
         <input_file_ref idref="fl-8"/>
      </object_component>
      <object_component id="oc-36a">
         <name>.bss:uINV_DCAC_dBuff8</name>
         <uninitialized>true</uninitialized>
         <run_address>0xa000</run_address>
         <size>0x640</size>
         <input_file_ref idref="fl-8"/>
      </object_component>
      <object_component id="oc-27">
         <name>.bss:retain</name>
         <uninitialized>true</uninitialized>
         <run_address>0xa640</run_address>
         <size>0x36</size>
         <input_file_ref idref="fl-8"/>
      </object_component>
      <object_component id="oc-11c">
         <name>.bss:vctrl_array</name>
         <uninitialized>true</uninitialized>
         <run_address>0xa800</run_address>
         <size>0x320</size>
         <input_file_ref idref="fl-a"/>
      </object_component>
      <object_component id="oc-30">
         <name>.bss:retain</name>
         <uninitialized>true</uninitialized>
         <run_address>0xab40</run_address>
         <size>0x226</size>
         <input_file_ref idref="fl-9"/>
      </object_component>
      <object_component id="oc-3e9">
         <name>.bss:message</name>
         <uninitialized>true</uninitialized>
         <run_address>0xad66</run_address>
         <size>0x200</size>
         <input_file_ref idref="fl-7"/>
      </object_component>
      <object_component id="oc-3da">
         <name>.bss:output_string</name>
         <uninitialized>true</uninitialized>
         <run_address>0xb000</run_address>
         <size>0x200</size>
         <input_file_ref idref="fl-7"/>
      </object_component>
      <object_component id="oc-47d">
         <name>.const:.string:_ctypes_</name>
         <load_address>0x84000</load_address>
         <run_address>0x84000</run_address>
         <size>0x101</size>
         <input_file_ref idref="fl-4e"/>
      </object_component>
      <object_component id="oc-417">
         <name>.const:.string</name>
         <load_address>0x84102</load_address>
         <run_address>0x84102</run_address>
         <size>0xd8</size>
         <input_file_ref idref="fl-7"/>
      </object_component>
      <object_component id="oc-10a">
         <name>.const:.string</name>
         <load_address>0x841da</load_address>
         <run_address>0x841da</run_address>
         <size>0x8a</size>
         <input_file_ref idref="fl-a"/>
      </object_component>
      <object_component id="oc-252">
         <name>.const:.string</name>
         <load_address>0x84264</load_address>
         <run_address>0x84264</run_address>
         <size>0x89</size>
         <input_file_ref idref="fl-59"/>
      </object_component>
      <object_component id="oc-443">
         <name>.const:.string</name>
         <load_address>0x842ee</load_address>
         <run_address>0x842ee</run_address>
         <size>0x26</size>
         <input_file_ref idref="fl-3e"/>
      </object_component>
      <object_component id="oc-487">
         <name>.const</name>
         <load_address>0x84314</load_address>
         <run_address>0x84314</run_address>
         <size>0x1c</size>
         <input_file_ref idref="fl-3e"/>
      </object_component>
      <object_component id="oc-4e3">
         <name>.const</name>
         <load_address>0x84330</load_address>
         <run_address>0x84330</run_address>
         <size>0x10</size>
         <input_file_ref idref="fl-59"/>
      </object_component>
      <object_component id="oc-2d">
         <name>.data:retain</name>
         <load_address>0xaf80</load_address>
         <run_address>0xaf80</run_address>
         <size>0x30</size>
         <input_file_ref idref="fl-9"/>
      </object_component>
      <object_component id="oc-29a">
         <name>.data</name>
         <load_address>0xafb0</load_address>
         <run_address>0xafb0</run_address>
         <size>0x6</size>
         <input_file_ref idref="fl-39"/>
      </object_component>
      <object_component id="oc-29d">
         <name>.data:_lock</name>
         <load_address>0xafb6</load_address>
         <run_address>0xafb6</run_address>
         <size>0x2</size>
         <input_file_ref idref="fl-3a"/>
      </object_component>
      <object_component id="oc-46d">
         <name>.data</name>
         <load_address>0xafb8</load_address>
         <run_address>0xafb8</run_address>
         <size>0x1</size>
         <input_file_ref idref="fl-52"/>
      </object_component>
      <object_component id="oc-13d">
         <name>.data</name>
         <load_address>0xafc0</load_address>
         <run_address>0xafc0</run_address>
         <size>0x22</size>
         <input_file_ref idref="fl-7"/>
      </object_component>
      <object_component id="oc-2a">
         <name>.data:retain</name>
         <load_address>0xafe2</load_address>
         <run_address>0xafe2</run_address>
         <size>0x1c</size>
         <input_file_ref idref="fl-8"/>
      </object_component>
      <object_component id="oc-fe">
         <name>.data</name>
         <load_address>0xb200</load_address>
         <run_address>0xb200</run_address>
         <size>0x116</size>
         <input_file_ref idref="fl-8"/>
      </object_component>
      <object_component id="oc-e5">
         <name>.data</name>
         <load_address>0xb316</load_address>
         <run_address>0xb316</run_address>
         <size>0x1c</size>
         <input_file_ref idref="fl-9"/>
      </object_component>
      <object_component id="oc-107">
         <name>.data</name>
         <load_address>0xb340</load_address>
         <run_address>0xb340</run_address>
         <size>0x12</size>
         <input_file_ref idref="fl-a"/>
      </object_component>
      <object_component id="oc-3d6">
         <name>FPUmathTables</name>
         <load_address>0x86000</load_address>
         <run_address>0xd000</run_address>
         <size>0xd0</size>
         <input_file_ref idref="fl-17"/>
      </object_component>
      <object_component id="oc-3d7">
         <name>FPUmathTables</name>
         <load_address>0x860d0</load_address>
         <run_address>0xd0d0</run_address>
         <size>0xbe</size>
         <input_file_ref idref="fl-16"/>
      </object_component>
      <object_component id="oc-117">
         <name>dclfuncs</name>
         <load_address>0x87000</load_address>
         <run_address>0xe000</run_address>
         <size>0x2f</size>
         <input_file_ref idref="fl-b"/>
      </object_component>
      <object_component id="oc-200">
         <name>.debug_types</name>
         <load_address>0x0</load_address>
         <run_address>0x0</run_address>
         <size>0x13ea</size>
         <input_file_ref idref="fl-3"/>
      </object_component>
      <object_component id="oc-16b">
         <name>.debug_types</name>
         <load_address>0x13ea</load_address>
         <run_address>0x13ea</run_address>
         <size>0x135b</size>
         <input_file_ref idref="fl-7"/>
      </object_component>
      <object_component id="oc-8e">
         <name>.debug_types</name>
         <load_address>0x2745</load_address>
         <run_address>0x2745</run_address>
         <size>0xfe8</size>
         <input_file_ref idref="fl-a"/>
      </object_component>
      <object_component id="oc-248">
         <name>.debug_types</name>
         <load_address>0x372d</load_address>
         <run_address>0x372d</run_address>
         <size>0x317</size>
         <input_file_ref idref="fl-18"/>
      </object_component>
      <object_component id="oc-24a">
         <name>.debug_types</name>
         <load_address>0x3a44</load_address>
         <run_address>0x3a44</run_address>
         <size>0x2f</size>
         <input_file_ref idref="fl-19"/>
      </object_component>
      <object_component id="oc-24f">
         <name>.debug_types</name>
         <load_address>0x3a73</load_address>
         <run_address>0x3a73</run_address>
         <size>0xf0</size>
         <input_file_ref idref="fl-1b"/>
      </object_component>
      <object_component id="oc-251">
         <name>.debug_types</name>
         <load_address>0x3b63</load_address>
         <run_address>0x3b63</run_address>
         <size>0xb7e</size>
         <input_file_ref idref="fl-1c"/>
      </object_component>
      <object_component id="oc-23a">
         <name>.debug_types</name>
         <load_address>0x46e1</load_address>
         <run_address>0x46e1</run_address>
         <size>0x593</size>
         <input_file_ref idref="fl-1d"/>
      </object_component>
      <object_component id="oc-127">
         <name>.debug_types</name>
         <load_address>0x0</load_address>
         <run_address>0x0</run_address>
         <size>0x0</size>
         <input_file_ref idref="fl-1e"/>
      </object_component>
      <object_component id="oc-25b">
         <name>.debug_types</name>
         <load_address>0x4c74</load_address>
         <run_address>0x4c74</run_address>
         <size>0x1cc</size>
         <input_file_ref idref="fl-1f"/>
      </object_component>
      <object_component id="oc-23f">
         <name>.debug_types</name>
         <load_address>0x4e40</load_address>
         <run_address>0x4e40</run_address>
         <size>0x7c6</size>
         <input_file_ref idref="fl-20"/>
      </object_component>
      <object_component id="oc-1d4">
         <name>.debug_types</name>
         <load_address>0x5606</load_address>
         <run_address>0x5606</run_address>
         <size>0x3c6e</size>
         <input_file_ref idref="fl-21"/>
      </object_component>
      <object_component id="oc-2c0">
         <name>.debug_types</name>
         <load_address>0x9274</load_address>
         <run_address>0x9274</run_address>
         <size>0x412</size>
         <input_file_ref idref="fl-35"/>
      </object_component>
      <object_component id="oc-2a1">
         <name>.debug_types</name>
         <load_address>0x9686</load_address>
         <run_address>0x9686</run_address>
         <size>0xbf</size>
         <input_file_ref idref="fl-39"/>
      </object_component>
      <object_component id="oc-299">
         <name>.debug_types</name>
         <load_address>0x9745</load_address>
         <run_address>0x9745</run_address>
         <size>0xe1</size>
         <input_file_ref idref="fl-3b"/>
      </object_component>
      <object_component id="oc-451">
         <name>.debug_types</name>
         <load_address>0x9826</load_address>
         <run_address>0x9826</run_address>
         <size>0xb59</size>
         <input_file_ref idref="fl-3e"/>
      </object_component>
      <object_component id="oc-326">
         <name>.debug_types</name>
         <load_address>0x0</load_address>
         <run_address>0x0</run_address>
         <size>0x0</size>
         <input_file_ref idref="fl-4b"/>
      </object_component>
      <object_component id="oc-65">
         <name>.debug_types</name>
         <load_address>0xa37f</load_address>
         <run_address>0xa37f</run_address>
         <size>0x49c0</size>
         <input_file_ref idref="fl-59"/>
      </object_component>
      <object_component id="oc-10c">
         <name>.debug_info</name>
         <load_address>0x0</load_address>
         <run_address>0x0</run_address>
         <size>0x16d</size>
         <input_file_ref idref="fl-3"/>
      </object_component>
      <object_component id="oc-2d7">
         <name>.debug_info</name>
         <load_address>0x16d</load_address>
         <run_address>0x16d</run_address>
         <size>0x153</size>
         <input_file_ref idref="fl-3"/>
      </object_component>
      <object_component id="oc-2d2">
         <name>.debug_info</name>
         <load_address>0x2c0</load_address>
         <run_address>0x2c0</run_address>
         <size>0x1f3</size>
         <input_file_ref idref="fl-3"/>
      </object_component>
      <object_component id="oc-23">
         <name>.debug_info</name>
         <load_address>0x4b3</load_address>
         <run_address>0x4b3</run_address>
         <size>0x244</size>
         <input_file_ref idref="fl-6"/>
      </object_component>
      <object_component id="oc-7a">
         <name>.debug_info</name>
         <load_address>0x6f7</load_address>
         <run_address>0x6f7</run_address>
         <size>0x245</size>
         <input_file_ref idref="fl-6"/>
      </object_component>
      <object_component id="oc-150">
         <name>.debug_info</name>
         <load_address>0x93c</load_address>
         <run_address>0x93c</run_address>
         <size>0x312</size>
         <input_file_ref idref="fl-7"/>
      </object_component>
      <object_component id="oc-153">
         <name>.debug_info</name>
         <load_address>0xc4e</load_address>
         <run_address>0xc4e</run_address>
         <size>0x250</size>
         <input_file_ref idref="fl-7"/>
      </object_component>
      <object_component id="oc-3db">
         <name>.debug_info</name>
         <load_address>0xe9e</load_address>
         <run_address>0xe9e</run_address>
         <size>0x130</size>
         <input_file_ref idref="fl-7"/>
      </object_component>
      <object_component id="oc-3ea">
         <name>.debug_info</name>
         <load_address>0xfce</load_address>
         <run_address>0xfce</run_address>
         <size>0x124</size>
         <input_file_ref idref="fl-7"/>
      </object_component>
      <object_component id="oc-147">
         <name>.debug_info</name>
         <load_address>0x10f2</load_address>
         <run_address>0x10f2</run_address>
         <size>0x1fe</size>
         <input_file_ref idref="fl-7"/>
      </object_component>
      <object_component id="oc-13e">
         <name>.debug_info</name>
         <load_address>0x12f0</load_address>
         <run_address>0x12f0</run_address>
         <size>0x1a0</size>
         <input_file_ref idref="fl-7"/>
      </object_component>
      <object_component id="oc-230">
         <name>.debug_info</name>
         <load_address>0x1490</load_address>
         <run_address>0x1490</run_address>
         <size>0x15b</size>
         <input_file_ref idref="fl-7"/>
      </object_component>
      <object_component id="oc-14a">
         <name>.debug_info</name>
         <load_address>0x15eb</load_address>
         <run_address>0x15eb</run_address>
         <size>0x218</size>
         <input_file_ref idref="fl-7"/>
      </object_component>
      <object_component id="oc-14d">
         <name>.debug_info</name>
         <load_address>0x1803</load_address>
         <run_address>0x1803</run_address>
         <size>0x1f1</size>
         <input_file_ref idref="fl-7"/>
      </object_component>
      <object_component id="oc-144">
         <name>.debug_info</name>
         <load_address>0x19f4</load_address>
         <run_address>0x19f4</run_address>
         <size>0x1d8</size>
         <input_file_ref idref="fl-7"/>
      </object_component>
      <object_component id="oc-165">
         <name>.debug_info</name>
         <load_address>0x1bcc</load_address>
         <run_address>0x1bcc</run_address>
         <size>0x17b</size>
         <input_file_ref idref="fl-7"/>
      </object_component>
      <object_component id="oc-88">
         <name>.debug_info</name>
         <load_address>0x1d47</load_address>
         <run_address>0x1d47</run_address>
         <size>0x269</size>
         <input_file_ref idref="fl-7"/>
      </object_component>
      <object_component id="oc-389">
         <name>.debug_info</name>
         <load_address>0x1fb0</load_address>
         <run_address>0x1fb0</run_address>
         <size>0x161</size>
         <input_file_ref idref="fl-7"/>
      </object_component>
      <object_component id="oc-3de">
         <name>.debug_info</name>
         <load_address>0x2111</load_address>
         <run_address>0x2111</run_address>
         <size>0x21c</size>
         <input_file_ref idref="fl-7"/>
      </object_component>
      <object_component id="oc-38f">
         <name>.debug_info</name>
         <load_address>0x232d</load_address>
         <run_address>0x232d</run_address>
         <size>0x1a2</size>
         <input_file_ref idref="fl-7"/>
      </object_component>
      <object_component id="oc-141">
         <name>.debug_info</name>
         <load_address>0x24cf</load_address>
         <run_address>0x24cf</run_address>
         <size>0x1fd</size>
         <input_file_ref idref="fl-7"/>
      </object_component>
      <object_component id="oc-2f9">
         <name>.debug_info</name>
         <load_address>0x26cc</load_address>
         <run_address>0x26cc</run_address>
         <size>0x171</size>
         <input_file_ref idref="fl-7"/>
      </object_component>
      <object_component id="oc-105">
         <name>.debug_info</name>
         <load_address>0x283d</load_address>
         <run_address>0x283d</run_address>
         <size>0x1eb</size>
         <input_file_ref idref="fl-a"/>
      </object_component>
      <object_component id="oc-108">
         <name>.debug_info</name>
         <load_address>0x2a28</load_address>
         <run_address>0x2a28</run_address>
         <size>0x2c2</size>
         <input_file_ref idref="fl-a"/>
      </object_component>
      <object_component id="oc-11d">
         <name>.debug_info</name>
         <load_address>0x2cea</load_address>
         <run_address>0x2cea</run_address>
         <size>0x12c</size>
         <input_file_ref idref="fl-a"/>
      </object_component>
      <object_component id="oc-3b2">
         <name>.debug_info</name>
         <load_address>0x2e16</load_address>
         <run_address>0x2e16</run_address>
         <size>0x14e</size>
         <input_file_ref idref="fl-a"/>
      </object_component>
      <object_component id="oc-34f">
         <name>.debug_info</name>
         <load_address>0x2f64</load_address>
         <run_address>0x2f64</run_address>
         <size>0x14d</size>
         <input_file_ref idref="fl-a"/>
      </object_component>
      <object_component id="oc-2e8">
         <name>.debug_info</name>
         <load_address>0x30b1</load_address>
         <run_address>0x30b1</run_address>
         <size>0x14d</size>
         <input_file_ref idref="fl-a"/>
      </object_component>
      <object_component id="oc-2e2">
         <name>.debug_info</name>
         <load_address>0x31fe</load_address>
         <run_address>0x31fe</run_address>
         <size>0x139</size>
         <input_file_ref idref="fl-a"/>
      </object_component>
      <object_component id="oc-2dc">
         <name>.debug_info</name>
         <load_address>0x3337</load_address>
         <run_address>0x3337</run_address>
         <size>0x13e</size>
         <input_file_ref idref="fl-a"/>
      </object_component>
      <object_component id="oc-347">
         <name>.debug_info</name>
         <load_address>0x3475</load_address>
         <run_address>0x3475</run_address>
         <size>0x13e</size>
         <input_file_ref idref="fl-a"/>
      </object_component>
      <object_component id="oc-294">
         <name>.debug_info</name>
         <load_address>0x35b3</load_address>
         <run_address>0x35b3</run_address>
         <size>0x263</size>
         <input_file_ref idref="fl-a"/>
      </object_component>
      <object_component id="oc-35">
         <name>.debug_info</name>
         <load_address>0x3816</load_address>
         <run_address>0x3816</run_address>
         <size>0x156</size>
         <input_file_ref idref="fl-a"/>
      </object_component>
      <object_component id="oc-f3">
[...]
      </symbol>
      <symbol id="sm-486">
         <name>solar_uinverter_to_string</name>
         <value>0x84ee1</value>
         <object_component_ref idref="oc-3dd"/>
      </symbol>
      <symbol id="sm-487">
         <name>umbral1</name>
         <value>0xafd8</value>
         <object_component_ref idref="oc-13d"/>
      </symbol>
      <symbol id="sm-488">
         <name>umbral3</name>
         <value>0xafdc</value>
         <object_component_ref idref="oc-13d"/>
      </symbol>
      <symbol id="sm-489">
         <name>umbral2</name>
         <value>0xafda</value>
         <object_component_ref idref="oc-13d"/>
      </symbol>
      <symbol id="sm-48a">
         <name>umbral4</name>
         <value>0xafde</value>
         <object_component_ref idref="oc-13d"/>
      </symbol>
      <symbol id="sm-48b">
         <name>ConverterState</name>
         <value>0xafc1</value>
         <object_component_ref idref="oc-13d"/>
      </symbol>
      <symbol id="sm-48c">
         <name>p2_on</name>
         <value>0xafc3</value>
         <object_component_ref idref="oc-13d"/>
      </symbol>
      <symbol id="sm-48d">
         <name>p1_off</name>
         <value>0xafc6</value>
         <object_component_ref idref="oc-13d"/>
      </symbol>
      <symbol id="sm-48e">
         <name>p4</name>
         <value>0x8fc8</value>
         <object_component_ref idref="oc-152"/>
      </symbol>
      <symbol id="sm-48f">
         <name>p3</name>
         <value>0x8fc7</value>
         <object_component_ref idref="oc-152"/>
      </symbol>
      <symbol id="sm-490">
         <name>p2</name>
         <value>0x8fc6</value>
         <object_component_ref idref="oc-152"/>
      </symbol>
      <symbol id="sm-491">
         <name>p1</name>
         <value>0x8fc5</value>
         <object_component_ref idref="oc-152"/>
      </symbol>
      <symbol id="sm-492">
         <name>uINV_comms_update_data</name>
         <value>0x85193</value>
         <object_component_ref idref="oc-388"/>
      </symbol>
      <symbol id="sm-493">
         <name>message</name>
         <value>0xad66</value>
         <object_component_ref idref="oc-3e9"/>
      </symbol>
      <symbol id="sm-494">
         <name>p2_off</name>
         <value>0xafc7</value>
         <object_component_ref idref="oc-13d"/>
      </symbol>
      <symbol id="sm-495">
         <name>p1_on</name>
         <value>0xafc2</value>
         <object_component_ref idref="oc-13d"/>
      </symbol>
      <symbol id="sm-496">
         <name>uINV_StopBoost</name>
         <value>0x85b32</value>
         <object_component_ref idref="oc-158"/>
      </symbol>
      <symbol id="sm-497">
         <name>p3_off</name>
         <value>0xafc8</value>
         <object_component_ref idref="oc-13d"/>
      </symbol>
      <symbol id="sm-498">
         <name>stopConverting</name>
         <value>0x8fc3</value>
         <object_component_ref idref="oc-152"/>
      </symbol>
      <symbol id="sm-499">
         <name>p4_off</name>
         <value>0xafc9</value>
         <object_component_ref idref="oc-13d"/>
      </symbol>
      <symbol id="sm-49a">
         <name>startConverting</name>
         <value>0x8fc2</value>
         <object_component_ref idref="oc-152"/>
      </symbol>
      <symbol id="sm-49b">
         <name>uINV_StopConversion</name>
         <value>0x864c4</value>
         <object_component_ref idref="oc-155"/>
      </symbol>
      <symbol id="sm-49c">
         <name>checkPanels_ON_OFF</name>
         <value>0x85318</value>
         <object_component_ref idref="oc-22f"/>
      </symbol>
      <symbol id="sm-49d">
         <name>uINV_Check</name>
         <value>0x856e2</value>
         <object_component_ref idref="oc-15b"/>
      </symbol>
      <symbol id="sm-49e">
         <name>uINV_controller_PLC</name>
         <value>0x863bf</value>
         <object_component_ref idref="oc-87"/>
      </symbol>
      <symbol id="sm-49f">
         <name>uINV_comms_init</name>
         <value>0x84faf</value>
         <object_component_ref idref="oc-2f8"/>
      </symbol>
      <symbol id="sm-4a0">
         <name>uINV_comms_send</name>
         <value>0x866df</value>
         <object_component_ref idref="oc-38e"/>
      </symbol>
      <symbol id="sm-5a3">
         <name>B_Task_Ptr</name>
         <value>0x97d6</value>
         <object_component_ref idref="oc-104"/>
      </symbol>
      <symbol id="sm-5a4">
         <name>A_Task_Ptr</name>
         <value>0x97d4</value>
         <object_component_ref idref="oc-104"/>
      </symbol>
      <symbol id="sm-5a5">
         <name>Alpha_State_Ptr</name>
         <value>0x97d2</value>
         <object_component_ref idref="oc-104"/>
      </symbol>
      <symbol id="sm-5a6">
         <name>ISR3</name>
         <value>0xfe54</value>
         <object_component_ref idref="oc-33"/>
      </symbol>
      <symbol id="sm-5a7">
         <name>ISR2</name>
         <value>0xf000</value>
         <object_component_ref idref="oc-3f"/>
      </symbol>
      <symbol id="sm-5a8">
         <name>ISR1</name>
         <value>0xf76e</value>
         <object_component_ref idref="oc-45"/>
      </symbol>
      <symbol id="sm-5a9">
         <name>main</name>
         <value>0x85cfe</value>
         <object_component_ref idref="oc-292"/>
      </symbol>
      <symbol id="sm-5aa">
         <name>B3</name>
         <value>0x86aa7</value>
         <object_component_ref idref="oc-3b0"/>
      </symbol>
      <symbol id="sm-5ab">
         <name>B2</name>
         <value>0x86a9f</value>
         <object_component_ref idref="oc-34d"/>
      </symbol>
      <symbol id="sm-5ac">
         <name>B1</name>
         <value>0x86a97</value>
         <object_component_ref idref="oc-2e6"/>
      </symbol>
      <symbol id="sm-5ad">
         <name>B0</name>
         <value>0x86a67</value>
         <object_component_ref idref="oc-345"/>
      </symbol>
      <symbol id="sm-5ae">
         <name>A1</name>
         <value>0x846e1</value>
         <object_component_ref idref="oc-2e0"/>
      </symbol>
      <symbol id="sm-5af">
         <name>A0</name>
         <value>0x86a5d</value>
         <object_component_ref idref="oc-2da"/>
      </symbol>
      <symbol id="sm-5b7">
         <name>DCL_runDF22_C1</name>
         <value>0xe000</value>
         <object_component_ref idref="oc-117"/>
      </symbol>
      <symbol id="sm-5c0">
         <name>powf</name>
         <value>0x8547b</value>
         <object_component_ref idref="oc-383"/>
      </symbol>
      <symbol id="sm-5c3">
         <name>FPU32expTableEnd</name>
         <value>0xd18e</value>
         <object_component_ref idref="oc-3d7"/>
      </symbol>
      <symbol id="sm-5c4">
         <name>FPU32expTable</name>
         <value>0xd0dc</value>
         <object_component_ref idref="oc-3d7"/>
      </symbol>
      <symbol id="sm-5c5">
         <name>FPU32expTableCoeffEnd</name>
         <value>0xd0dc</value>
         <object_component_ref idref="oc-3d7"/>
      </symbol>
      <symbol id="sm-5c6">
         <name>FPU32expTableCoeff</name>
         <value>0xd0d0</value>
         <object_component_ref idref="oc-3d7"/>
      </symbol>
      <symbol id="sm-5c9">
         <name>FPU32LOG_TABLE_MASK1</name>
         <value>0xd006</value>
         <object_component_ref idref="oc-3d6"/>
      </symbol>
      <symbol id="sm-5ca">
         <name>FPU32LOG_TABLE_MASK2</name>
         <value>0xd008</value>
         <object_component_ref idref="oc-3d6"/>
      </symbol>
      <symbol id="sm-5cb">
         <name>FPU32INVLOG10</name>
         <value>0xd002</value>
         <object_component_ref idref="oc-3d6"/>
      </symbol>
      <symbol id="sm-5cc">
         <name>FPU32EXPBIAS</name>
         <value>0xd004</value>
         <object_component_ref idref="oc-3d6"/>
      </symbol>
      <symbol id="sm-5cd">
         <name>FPU32LOG2</name>
         <value>0xd000</value>
         <object_component_ref idref="oc-3d6"/>
      </symbol>
      <symbol id="sm-5ce">
         <name>FPU32logTable</name>
         <value>0xd00a</value>
         <object_component_ref idref="oc-3d6"/>
      </symbol>
      <symbol id="sm-5cf">
         <name>FPU32logTableEnd</name>
         <value>0xd0d0</value>
         <object_component_ref idref="oc-3d6"/>
      </symbol>
      <symbol id="sm-5e9">
         <name>ADC_setOffsetTrimAll</name>
         <value>0x868e4</value>
         <object_component_ref idref="oc-241"/>
      </symbol>
      <symbol id="sm-5ea">
         <name>ADC_setVREF</name>
         <value>0x868fe</value>
         <object_component_ref idref="oc-195"/>
      </symbol>
      <symbol id="sm-612">
         <name>CMPSS_configFilterHigh</name>
         <value>0x86917</value>
         <object_component_ref idref="oc-19f"/>
      </symbol>
      <symbol id="sm-613">
         <name>CMPSS_configFilterLow</name>
         <value>0x86930</value>
         <object_component_ref idref="oc-1a5"/>
      </symbol>
      <symbol id="sm-614">
         <name>CMPSS_configLatchOnPWMSYNC</name>
         <value>0x8698f</value>
         <object_component_ref idref="oc-1b1"/>
      </symbol>
      <symbol id="sm-615">
         <name>CMPSS_configRamp</name>
         <value>0x86816</value>
         <object_component_ref idref="oc-1ab"/>
      </symbol>
      <symbol id="sm-623">
         <name>ECAP_setEmulationMode</name>
         <value>0x86a21</value>
         <object_component_ref idref="oc-1b9"/>
      </symbol>
      <symbol id="sm-630">
         <name>EPWM_setEmulationMode</name>
         <value>0x86a85</value>
         <object_component_ref idref="oc-1c0"/>
      </symbol>
      <symbol id="sm-66c">
         <name>GPIO_setQualificationMode</name>
         <value>0x8676e</value>
         <object_component_ref idref="oc-181"/>
      </symbol>
      <symbol id="sm-66d">
         <name>GPIO_setPadConfig</name>
         <value>0x86295</value>
         <object_component_ref idref="oc-17b"/>
      </symbol>
      <symbol id="sm-66e">
         <name>GPIO_setAnalogMode</name>
         <value>0x85ed1</value>
         <object_component_ref idref="oc-175"/>
      </symbol>
      <symbol id="sm-66f">
         <name>GPIO_setDirectionMode</name>
         <value>0x85fe0</value>
         <object_component_ref idref="oc-1d5"/>
      </symbol>
      <symbol id="sm-670">
         <name>GPIO_setPinConfig</name>
         <value>0x864f5</value>
         <object_component_ref idref="oc-16f"/>
      </symbol>
      <symbol id="sm-671">
         <name>GPIO_setControllerCore</name>
         <value>0x8674c</value>
         <object_component_ref idref="oc-1db"/>
      </symbol>
      <symbol id="sm-6a8">
         <name>Interrupt_defaultHandler</name>
         <value>0x86a2e</value>
         <object_component_ref idref="oc-5d"/>
      </symbol>
      <symbol id="sm-6a9">
         <name>Interrupt_initModule</name>
         <value>0x861d2</value>
         <object_component_ref idref="oc-2ec"/>
      </symbol>
      <symbol id="sm-6aa">
         <name>Interrupt_nmiHandler</name>
         <value>0x86a7b</value>
         <object_component_ref idref="oc-4b"/>
      </symbol>
      <symbol id="sm-6ab">
         <name>Interrupt_enable</name>
         <value>0x863f7</value>
         <object_component_ref idref="oc-de"/>
      </symbol>
      <symbol id="sm-6ac">
         <name>Interrupt_initVectorTable</name>
         <value>0x869a4</value>
         <object_component_ref idref="oc-4d"/>
      </symbol>
      <symbol id="sm-6ad">
         <name>Interrupt_illegalOperationHandler</name>
         <value>0x86a71</value>
         <object_component_ref idref="oc-57"/>
      </symbol>
      <symbol id="sm-6d0">
         <name>SCI_clearInterruptStatus</name>
         <value>0x868ac</value>
         <object_component_ref idref="oc-1e2"/>
      </symbol>
      <symbol id="sm-6d1">
         <name>SCI_writeCharArray</name>
         <value>0x86790</value>
         <object_component_ref idref="oc-3ec"/>
      </symbol>
      <symbol id="sm-6d2">
         <name>SCI_setConfig</name>
         <value>0x86729</value>
         <object_component_ref idref="oc-1e8"/>
      </symbol>
      <symbol id="sm-74f">
         <name>SysCtl_isPLLValid</name>
         <value>0x84c2c</value>
         <object_component_ref idref="oc-3a0"/>
      </symbol>
      <symbol id="sm-750">
         <name>SysCtl_delay</name>
         <value>0xfe91</value>
         <object_component_ref idref="oc-9b"/>
      </symbol>
      <symbol id="sm-751">
         <name>SysCtl_selectXTALSingleEnded</name>
         <value>0x867d4</value>
         <object_component_ref idref="oc-3f3"/>
      </symbol>
      <symbol id="sm-752">
         <name>SysCtl_selectXTAL</name>
         <value>0x85f16</value>
         <object_component_ref idref="oc-3f9"/>
      </symbol>
      <symbol id="sm-753">
         <name>SysCtl_selectOscSource</name>
         <value>0x865e3</value>
         <object_component_ref idref="oc-39a"/>
      </symbol>
      <symbol id="sm-754">
         <name>SysCtl_getLowSpeedClock</name>
         <value>0x869b9</value>
         <object_component_ref idref="oc-33d"/>
      </symbol>
      <symbol id="sm-755">
         <name>SysCtl_setClock</name>
         <value>0x84814</value>
         <object_component_ref idref="oc-331"/>
      </symbol>
      <symbol id="sm-756">
         <name>SysCtl_getClock</name>
         <value>0x85e23</value>
         <object_component_ref idref="oc-337"/>
      </symbol>
      <symbol id="sm-757">
         <name>SysCtl_configureType</name>
         <value>0x869ce</value>
         <object_component_ref idref="oc-188"/>
      </symbol>
      <symbol id="sm-764">
         <name>XBAR_setEPWMMuxConfig</name>
         <value>0x86610</value>
         <object_component_ref idref="oc-cc"/>
      </symbol>
      <symbol id="sm-76e">
         <name>_c_int00</name>
         <value>0x86961</value>
         <object_component_ref idref="oc-137"/>
      </symbol>
      <symbol id="sm-76f">
         <name>__stack</name>
         <value>0x400</value>
         <object_component_ref idref="oc-63"/>
      </symbol>
      <symbol id="sm-77c">
         <name>__c28xabi_divf</name>
         <value>0x85919</value>
         <object_component_ref idref="oc-400"/>
      </symbol>
      <symbol id="sm-786">
         <name>__c28xabi_cmpll</name>
         <value>0x86854</value>
         <object_component_ref idref="oc-458"/>
      </symbol>
      <symbol id="sm-787">
         <name>__c28xabi_cmpull</name>
         <value>0x86866</value>
         <object_component_ref idref="oc-458"/>
      </symbol>
      <symbol id="sm-791">
         <name>__c28xabi_modi</name>
         <value>0x867c3</value>
         <object_component_ref idref="oc-412"/>
      </symbol>
      <symbol id="sm-792">
         <name>__c28xabi_divi</name>
         <value>0x867b2</value>
         <object_component_ref idref="oc-412"/>
      </symbol>
      <symbol id="sm-7a2">
         <name>__TI_auto_init_nopinit</name>
         <value>0x8642d</value>
         <object_component_ref idref="oc-26e"/>
      </symbol>
      <symbol id="sm-7b8">
         <name>C$$EXIT</name>
         <value>0x8668f</value>
         <object_component_ref idref="oc-21d"/>
      </symbol>
      <symbol id="sm-7b9">
         <name>abort</name>
         <value>0x8668f</value>
         <object_component_ref idref="oc-21d"/>
      </symbol>
      <symbol id="sm-7ba">
         <name>exit</name>
         <value>0x86691</value>
         <object_component_ref idref="oc-21d"/>
      </symbol>
      <symbol id="sm-7bb">
         <name>__TI_dtors_ptr</name>
         <value>0xafb4</value>
         <object_component_ref idref="oc-29a"/>
      </symbol>
      <symbol id="sm-7bc">
         <name>__TI_cleanup_ptr</name>
         <value>0xafb2</value>
         <object_component_ref idref="oc-29a"/>
      </symbol>
      <symbol id="sm-7bd">
         <name>__TI_enable_exit_profile_output</name>
         <value>0xafb0</value>
         <object_component_ref idref="oc-29a"/>
      </symbol>
      <symbol id="sm-7cc">
         <name>_args_main</name>
         <value>0x86a3a</value>
         <object_component_ref idref="oc-217"/>
      </symbol>
      <symbol id="sm-934">
         <name>__TI_printfi</name>
         <value>0x82df0</value>
         <object_component_ref idref="oc-43d"/>
      </symbol>
      <symbol id="sm-940">
         <name>__c28xabi_cmpd</name>
         <value>0x8663b</value>
         <object_component_ref idref="oc-488"/>
      </symbol>
      <symbol id="sm-94e">
         <name>__c28xabi_mpyd</name>
         <value>0x85aaf</value>
         <object_component_ref idref="oc-497"/>
      </symbol>
      <symbol id="sm-957">
         <name>__c28xabi_negd</name>
         <value>0x86a8e</value>
         <object_component_ref idref="oc-48d"/>
      </symbol>
      <symbol id="sm-95f">
         <name>__c28xabi_subd</name>
         <value>0x86a13</value>
         <object_component_ref idref="oc-4ac"/>
      </symbol>
      <symbol id="sm-96a">
         <name>__c28xabi_dtoi</name>
         <value>0x867f5</value>
         <object_component_ref idref="oc-4b1"/>
      </symbol>
      <symbol id="sm-975">
         <name>__c28xabi_dtol</name>
         <value>0x86835</value>
         <object_component_ref idref="oc-49c"/>
      </symbol>
      <symbol id="sm-97d">
         <name>__c28xabi_orll</name>
         <value>0x86951</value>
         <object_component_ref idref="oc-462"/>
      </symbol>
      <symbol id="sm-97e">
         <name>__c28xabi_xorll</name>
         <value>0x86959</value>
         <object_component_ref idref="oc-462"/>
      </symbol>
      <symbol id="sm-97f">
         <name>__c28xabi_andll</name>
         <value>0x86949</value>
         <object_component_ref idref="oc-462"/>
      </symbol>
      <symbol id="sm-9a6">
         <name>__c28xabi_modull</name>
         <value>0x849d6</value>
         <object_component_ref idref="oc-45d"/>
      </symbol>
      <symbol id="sm-9a7">
         <name>__c28xabi_divull</name>
         <value>0x849a7</value>
         <object_component_ref idref="oc-45d"/>
      </symbol>
      <symbol id="sm-9a8">
         <name>__c28xabi_divll</name>
         <value>0x84931</value>
         <object_component_ref idref="oc-45d"/>
      </symbol>
      <symbol id="sm-9a9">
         <name>__c28xabi_modll</name>
         <value>0x8496d</value>
         <object_component_ref idref="oc-45d"/>
      </symbol>
      <symbol id="sm-9b5">
         <name>__c28xabi_itod</name>
         <value>0x86872</value>
         <object_component_ref idref="oc-4c2"/>
      </symbol>
      <symbol id="sm-9c1">
         <name>__c28xabi_ltod</name>
         <value>0x868c8</value>
         <object_component_ref idref="oc-4a7"/>
      </symbol>
      <symbol id="sm-9d4">
         <name>__c28xabi_divd</name>
         <value>0x8588e</value>
         <object_component_ref idref="oc-492"/>
      </symbol>
      <symbol id="sm-9e1">
         <name>_system_post_cinit</name>
         <value>0x86ada</value>
         <object_component_ref idref="oc-2b9"/>
      </symbol>
      <symbol id="sm-9f8">
         <name>__c28xabi_addd</name>
         <value>0x8551b</value>
         <object_component_ref idref="oc-4dc"/>
      </symbol>
      <symbol id="sm-a00">
         <name>__c28xabi_divul</name>
         <value>0x86682</value>
         <object_component_ref idref="oc-4d5"/>
      </symbol>
      <symbol id="sm-a01">
         <name>__c28xabi_modul</name>
         <value>0x86689</value>
         <object_component_ref idref="oc-4d5"/>
      </symbol>
      <symbol id="sm-a02">
         <name>__c28xabi_modl</name>
         <value>0x86674</value>
         <object_component_ref idref="oc-4d5"/>
      </symbol>
      <symbol id="sm-a03">
         <name>__c28xabi_divl</name>
         <value>0x86665</value>
         <object_component_ref idref="oc-4d5"/>
      </symbol>
      <symbol id="sm-a05">
         <name>__c_args__</name>
         <value>0x0</value>
      </symbol>
   </symbol_table>
   <title>Link successful</title>
</link_info>
