<?xml version="1.0" encoding="ISO-8859-1" ?>
<link_info>
   <banner>TMS320C2000 Linker PC v22.6.1A23259</banner>
   <copyright>Copyright (c) 1996-2018 Texas Instruments Incorporated</copyright>
   <link_time>0x6745c4c9</link_time>
   <link_errors>0x0</link_errors>
   <output_file>uinv_F280039C.out</output_file>
   <entry_point>
      <name>code_start</name>
      <address>0x80000</address>
   </entry_point>
   <input_file_list>
      <input_file id="fl-2">
         <path>.\syscfg\</path>
         <kind>object</kind>
         <file>board.obj</file>
         <name>board.obj</name>
      </input_file>
      <input_file id="fl-4">
         <path>.\syscfg\</path>
         <kind>object</kind>
         <file>device_cmd.obj</file>
         <name>device_cmd.obj</name>
      </input_file>
      <input_file id="fl-5">
         <path>.\syscfg\</path>
         <kind>object</kind>
         <file>c2000ware_libraries.obj</file>
         <name>c2000ware_libraries.obj</name>
      </input_file>
      <input_file id="fl-8">
         <path>.\</path>
         <kind>object</kind>
         <file>uinv_dcac.obj</file>
         <name>uinv_dcac.obj</name>
      </input_file>
      <input_file id="fl-9">
         <path>.\</path>
         <kind>object</kind>
         <file>uinv_dcdc.obj</file>
         <name>uinv_dcdc.obj</name>
      </input_file>
      <input_file id="fl-2d">
         <path>C:\ti\ccstheia150\ccs\tools\compiler\ti-cgt-c2000_22.6.1A23259\lib\</path>
         <kind>archive</kind>
         <file>rts2800_fpu32_eabi.lib</file>
         <name>s_tanf.c.obj</name>
      </input_file>
      <input_file id="fl-31">
         <path>C:\ti\ccstheia150\ccs\tools\compiler\ti-cgt-c2000_22.6.1A23259\lib\</path>
         <kind>archive</kind>
         <file>rts2800_fpu32_eabi.lib</file>
         <name>pre_init.c.obj</name>
      </input_file>
      <input_file id="fl-33">
         <path>C:\ti\ccstheia150\ccs\tools\compiler\ti-cgt-c2000_22.6.1A23259\lib\</path>
         <kind>archive</kind>
         <file>rts2800_fpu32_eabi.lib</file>
         <name>copy_zero_init.c.obj</name>
      </input_file>
      <input_file id="fl-34">
         <path>C:\ti\ccstheia150\ccs\tools\compiler\ti-cgt-c2000_22.6.1A23259\lib\</path>
         <kind>archive</kind>
         <file>rts2800_fpu32_eabi.lib</file>
         <name>copy_decompress_none.c.obj</name>
      </input_file>
      <input_file id="fl-35">
         <path>C:\ti\ccstheia150\ccs\tools\compiler\ti-cgt-c2000_22.6.1A23259\lib\</path>
         <kind>archive</kind>
         <file>rts2800_fpu32_eabi.lib</file>
         <name>copy_decompress_lzss.c.obj</name>
      </input_file>
      <input_file id="fl-37">
         <path>C:\ti\ccstheia150\ccs\tools\compiler\ti-cgt-c2000_22.6.1A23259\lib\</path>
         <kind>archive</kind>
         <file>rts2800_fpu32_eabi.lib</file>
         <name>_lock.c.obj</name>
      </input_file>
      <input_file id="fl-39">
         <path>C:\ti\ccstheia150\ccs\tools\compiler\ti-cgt-c2000_22.6.1A23259\lib\</path>
         <kind>archive</kind>
         <file>rts2800_fpu32_eabi.lib</file>
         <name>memset.c.obj</name>
      </input_file>
      <input_file id="fl-3a">
         <path>C:\ti\ccstheia150\ccs\tools\compiler\ti-cgt-c2000_22.6.1A23259\lib\</path>
         <kind>archive</kind>
         <file>rts2800_fpu32_eabi.lib</file>
         <name>cpy_tbl.c.obj</name>
      </input_file>
      <input_file id="fl-3b">
         <path>C:\ti\ccstheia150\ccs\tools\compiler\ti-cgt-c2000_22.6.1A23259\lib\</path>
         <kind>archive</kind>
         <file>rts2800_fpu32_eabi.lib</file>
         <name>memcpy.c.obj</name>
      </input_file>
      <input_file id="fl-3d">
         <path>C:\Users\Usuario\AppData\Local\Temp\</path>
         <kind>object</kind>
         <file>{A943B20C-68FA-4F2E-8DC0-63F0E9D17E66}</file>
         <name>{A943B20C-68FA-4F2E-8DC0-63F0E9D17E66}</name>
      </input_file>
      <input_file id="fl-3">
         <path>.\syscfg\</path>
         <kind>object</kind>
         <file>device.obj</file>
         <name>device.obj</name>
      </input_file>
      <input_file id="fl-6">
         <path>.\</path>
         <kind>object</kind>
         <file>f28003x_codestartbranch.obj</file>
         <name>f28003x_codestartbranch.obj</name>
      </input_file>
      <input_file id="fl-7">
         <path>.\</path>
         <kind>object</kind>
         <file>uinv_comms.obj</file>
         <name>uinv_comms.obj</name>
      </input_file>
      <input_file id="fl-a">
         <path>.\</path>
         <kind>object</kind>
         <file>uinv_main.obj</file>
         <name>uinv_main.obj</name>
      </input_file>
      <input_file id="fl-b">
         <path>.\libraries\DCL\</path>
         <kind>object</kind>
         <file>DCL_DF22_C1.obj</file>
         <name>DCL_DF22_C1.obj</name>
      </input_file>
      <input_file id="fl-c">
         <path>.\libraries\sfra\</path>
         <kind>object</kind>
         <file>sfra_gui_scicomms_driverlib.obj</file>
         <name>sfra_gui_scicomms_driverlib.obj</name>
      </input_file>
      <input_file id="fl-14">
         <kind>object</kind>
         <file>&lt;internal&gt;</file>
         <name>&lt;internal&gt;</name>
      </input_file>
      <input_file id="fl-15">
         <path>C:\Users\Usuario\Desktop\test\uinv_F280039C\libraries\FPUfastRTS\</path>
         <kind>archive</kind>
         <file>rts2800_fpu32_fast_supplement_eabi.lib</file>
         <name>pow_f32.obj</name>
      </input_file>
      <input_file id="fl-16">
         <path>C:\Users\Usuario\Desktop\test\uinv_F280039C\libraries\FPUfastRTS\</path>
         <kind>archive</kind>
         <file>rts2800_fpu32_fast_supplement_eabi.lib</file>
         <name>exptable_f32.obj</name>
      </input_file>
      <input_file id="fl-17">
         <path>C:\Users\Usuario\Desktop\test\uinv_F280039C\libraries\FPUfastRTS\</path>
         <kind>archive</kind>
         <file>rts2800_fpu32_fast_supplement_eabi.lib</file>
         <name>logtable_f32.obj</name>
      </input_file>
      <input_file id="fl-18">
         <path>C:\Users\Usuario\Desktop\test\uinv_F280039C\device\driverlib\ccs\Release\</path>
         <kind>archive</kind>
         <file>driverlib.lib</file>
         <name>adc.obj</name>
      </input_file>
      <input_file id="fl-19">
         <path>C:\Users\Usuario\Desktop\test\uinv_F280039C\device\driverlib\ccs\Release\</path>
         <kind>archive</kind>
         <file>driverlib.lib</file>
         <name>cmpss.obj</name>
      </input_file>
      <input_file id="fl-1a">
         <path>C:\Users\Usuario\Desktop\test\uinv_F280039C\device\driverlib\ccs\Release\</path>
         <kind>archive</kind>
         <file>driverlib.lib</file>
         <name>dcc.obj</name>
      </input_file>
      <input_file id="fl-1b">
         <path>C:\Users\Usuario\Desktop\test\uinv_F280039C\device\driverlib\ccs\Release\</path>
         <kind>archive</kind>
         <file>driverlib.lib</file>
         <name>ecap.obj</name>
      </input_file>
      <input_file id="fl-1c">
         <path>C:\Users\Usuario\Desktop\test\uinv_F280039C\device\driverlib\ccs\Release\</path>
         <kind>archive</kind>
         <file>driverlib.lib</file>
         <name>epwm.obj</name>
      </input_file>
      <input_file id="fl-1d">
         <path>C:\Users\Usuario\Desktop\test\uinv_F280039C\device\driverlib\ccs\Release\</path>
         <kind>archive</kind>
         <file>driverlib.lib</file>
         <name>gpio.obj</name>
      </input_file>
      <input_file id="fl-1e">
         <path>C:\Users\Usuario\Desktop\test\uinv_F280039C\device\driverlib\ccs\Release\</path>
         <kind>archive</kind>
         <file>driverlib.lib</file>
         <name>interrupt.obj</name>
      </input_file>
      <input_file id="fl-1f">
         <path>C:\Users\Usuario\Desktop\test\uinv_F280039C\device\driverlib\ccs\Release\</path>
         <kind>archive</kind>
         <file>driverlib.lib</file>
         <name>sci.obj</name>
      </input_file>
      <input_file id="fl-20">
         <path>C:\Users\Usuario\Desktop\test\uinv_F280039C\device\driverlib\ccs\Release\</path>
         <kind>archive</kind>
         <file>driverlib.lib</file>
         <name>sysctl.obj</name>
      </input_file>
      <input_file id="fl-21">
         <path>C:\Users\Usuario\Desktop\test\uinv_F280039C\device\driverlib\ccs\Release\</path>
         <kind>archive</kind>
         <file>driverlib.lib</file>
         <name>xbar.obj</name>
      </input_file>
      <input_file id="fl-2e">
         <path>C:\ti\ccstheia150\ccs\tools\compiler\ti-cgt-c2000_22.6.1A23259\lib\</path>
         <kind>archive</kind>
         <file>rts2800_fpu32_eabi.lib</file>
         <name>boot28.asm.obj</name>
      </input_file>
      <input_file id="fl-2f">
         <path>C:\ti\ccstheia150\ccs\tools\compiler\ti-cgt-c2000_22.6.1A23259\lib\</path>
         <kind>archive</kind>
         <file>rts2800_fpu32_eabi.lib</file>
         <name>fs_div28.asm.obj</name>
      </input_file>
      <input_file id="fl-30">
         <path>C:\ti\ccstheia150\ccs\tools\compiler\ti-cgt-c2000_22.6.1A23259\lib\</path>
         <kind>archive</kind>
         <file>rts2800_fpu32_eabi.lib</file>
         <name>ll_cmp28.asm.obj</name>
      </input_file>
      <input_file id="fl-32">
         <path>C:\ti\ccstheia150\ccs\tools\compiler\ti-cgt-c2000_22.6.1A23259\lib\</path>
         <kind>archive</kind>
         <file>rts2800_fpu32_eabi.lib</file>
         <name>autoinit.c.obj</name>
      </input_file>
      <input_file id="fl-36">
         <path>C:\ti\ccstheia150\ccs\tools\compiler\ti-cgt-c2000_22.6.1A23259\lib\</path>
         <kind>archive</kind>
         <file>rts2800_fpu32_eabi.lib</file>
         <name>exit.c.obj</name>
      </input_file>
      <input_file id="fl-38">
         <path>C:\ti\ccstheia150\ccs\tools\compiler\ti-cgt-c2000_22.6.1A23259\lib\</path>
         <kind>archive</kind>
         <file>rts2800_fpu32_eabi.lib</file>
         <name>args_main.c.obj</name>
      </input_file>
      <input_file id="fl-3c">
         <path>C:\ti\ccstheia150\ccs\tools\compiler\ti-cgt-c2000_22.6.1A23259\lib\</path>
         <kind>archive</kind>
         <file>rts2800_fpu32_eabi.lib</file>
         <name>startup.c.obj</name>
      </input_file>
   </input_file_list>
   <object_component_list>
      <object_component id="oc-22">
         <name>codestart</name>
         <load_address>0x80000</load_address>
         <run_address>0x80000</run_address>
         <size>0x2</size>
         <input_file_ref idref="fl-6"/>
      </object_component>
      <object_component id="oc-d2">
         <name>.text:EPWM_init</name>
         <load_address>0x82000</load_address>
         <run_address>0x82000</run_address>
         <size>0x94b</size>
         <input_file_ref idref="fl-2"/>
      </object_component>
      <object_component id="oc-a1">
         <name>.text:SYSCTL_init</name>
         <load_address>0x8294b</load_address>
         <run_address>0x8294b</run_address>
         <size>0x3a1</size>
         <input_file_ref idref="fl-2"/>
      </object_component>
      <object_component id="oc-299">
         <name>.text:uINV_DCAC_GlobalVariablesInit</name>
         <load_address>0x82cec</load_address>
         <run_address>0x82cec</run_address>
         <size>0x306</size>
         <input_file_ref idref="fl-8"/>
      </object_component>
      <object_component id="oc-17e">
         <name>.text:ECAP_setEmulationMode</name>
         <load_address>0x82ff2</load_address>
         <run_address>0x82ff2</run_address>
         <size>0xd</size>
         <input_file_ref idref="fl-1b"/>
      </object_component>
      <object_component id="oc-2b9">
         <name>.text:C2000Ware_libraries_init</name>
         <load_address>0x82fff</load_address>
         <run_address>0x82fff</run_address>
         <size>0x1</size>
         <input_file_ref idref="fl-5"/>
      </object_component>
      <object_component id="oc-9b">
         <name>.text:PinMux_init</name>
         <load_address>0x83000</load_address>
         <run_address>0x83000</run_address>
         <size>0x1dd</size>
         <input_file_ref idref="fl-2"/>
      </object_component>
      <object_component id="oc-32a">
         <name>.text:uINV_DCDC_init_boost$4</name>
         <load_address>0x831dd</load_address>
         <run_address>0x831dd</run_address>
         <size>0x1bc</size>
         <input_file_ref idref="fl-9"/>
      </object_component>
      <object_component id="oc-2b1">
         <name>.text:uINV_DCDC_test</name>
         <load_address>0x83399</load_address>
         <run_address>0x83399</run_address>
         <size>0x1b4</size>
         <input_file_ref idref="fl-9"/>
      </object_component>
      <object_component id="oc-287">
         <name>.text:A1</name>
         <load_address>0x8354d</load_address>
         <run_address>0x8354d</run_address>
         <size>0x133</size>
         <input_file_ref idref="fl-a"/>
      </object_component>
      <object_component id="oc-2dc">
         <name>.text:SysCtl_setClock</name>
         <load_address>0x83680</load_address>
         <run_address>0x83680</run_address>
         <size>0x11d</size>
         <input_file_ref idref="fl-20"/>
      </object_component>
      <object_component id="oc-3a8">
         <name>.text:uINV_DCAC_GaN_temp</name>
         <load_address>0x8379d</load_address>
         <run_address>0x8379d</run_address>
         <size>0x107</size>
         <input_file_ref idref="fl-8"/>
      </object_component>
      <object_component id="oc-353">
         <name>.text:SysCtl_isPLLValid</name>
         <load_address>0x838a4</load_address>
         <run_address>0x838a4</run_address>
         <size>0xe9</size>
         <input_file_ref idref="fl-20"/>
      </object_component>
      <object_component id="oc-324">
         <name>.text:uINV_DCDC_init_protection$4</name>
         <load_address>0x8398d</load_address>
         <run_address>0x8398d</run_address>
         <size>0xe9</size>
         <input_file_ref idref="fl-9"/>
      </object_component>
      <object_component id="oc-de">
         <name>.text:GPIO_init</name>
         <load_address>0x83a76</load_address>
         <run_address>0x83a76</run_address>
         <size>0xce</size>
         <input_file_ref idref="fl-2"/>
      </object_component>
      <object_component id="oc-337">
         <name>.text:uINV_comms_update_data</name>
         <load_address>0x83b44</load_address>
         <run_address>0x83b44</run_address>
         <size>0xcd</size>
         <input_file_ref idref="fl-7"/>
      </object_component>
      <object_component id="oc-35d">
         <name>.text:uINV_DCAC_test</name>
         <load_address>0x83c11</load_address>
         <run_address>0x83c11</run_address>
         <size>0xcb</size>
         <input_file_ref idref="fl-8"/>
      </object_component>
      <object_component id="oc-ae">
         <name>.text:ADC_B_init</name>
         <load_address>0x83cdc</load_address>
         <run_address>0x83cdc</run_address>
         <size>0xc8</size>
         <input_file_ref idref="fl-2"/>
      </object_component>
      <object_component id="oc-b4">
         <name>.text:ADC_C_init</name>
         <load_address>0x83da4</load_address>
         <run_address>0x83da4</run_address>
         <size>0xc0</size>
         <input_file_ref idref="fl-2"/>
      </object_component>
      <object_component id="oc-332">
         <name>.text</name>
         <load_address>0x83e64</load_address>
         <run_address>0x83e64</run_address>
         <size>0xa0</size>
         <input_file_ref idref="fl-15"/>
      </object_component>
      <object_component id="oc-c6">
         <name>.text:CMPSS_SR_init</name>
         <load_address>0x83f04</load_address>
         <run_address>0x83f04</run_address>
         <size>0x99</size>
         <input_file_ref idref="fl-2"/>
      </object_component>
      <object_component id="oc-1bf">
         <name>.text</name>
         <load_address>0x83f9d</load_address>
         <run_address>0x83f9d</run_address>
         <size>0x60</size>
         <input_file_ref idref="fl-2d"/>
      </object_component>
      <object_component id="oc-fe">
         <name>.text:__error__</name>
         <load_address>0x83ffd</load_address>
         <run_address>0x83ffd</run_address>
         <size>0x3</size>
         <input_file_ref idref="fl-3"/>
      </object_component>
      <object_component id="oc-112">
         <name>.text:uINV_DCAC_pll_run</name>
         <load_address>0x84090</load_address>
         <run_address>0x84090</run_address>
         <size>0x92</size>
         <input_file_ref idref="fl-a"/>
      </object_component>
      <object_component id="oc-a8">
         <name>.text:ADC_A_init</name>
         <load_address>0x84122</load_address>
         <run_address>0x84122</run_address>
         <size>0x8e</size>
         <input_file_ref idref="fl-2"/>
      </object_component>
      <object_component id="oc-cc">
         <name>.text:myECAP0_init</name>
         <load_address>0x841b0</load_address>
         <run_address>0x841b0</run_address>
         <size>0x8b</size>
         <input_file_ref idref="fl-2"/>
      </object_component>
      <object_component id="oc-3a2">
         <name>.text</name>
         <load_address>0x8423b</load_address>
         <run_address>0x8423b</run_address>
         <size>0x88</size>
         <input_file_ref idref="fl-2f"/>
      </object_component>
      <object_component id="oc-c0">
         <name>.text:myCMPSS_init</name>
         <load_address>0x842c3</load_address>
         <run_address>0x842c3</run_address>
         <size>0x87</size>
         <input_file_ref idref="fl-2"/>
      </object_component>
      <object_component id="oc-39">
         <name>.text:Board_init</name>
         <load_address>0x8434a</load_address>
         <run_address>0x8434a</run_address>
         <size>0x83</size>
         <input_file_ref idref="fl-2"/>
      </object_component>
      <object_component id="oc-104">
         <name>.text:computeDF22_PRcontrollerCoeff</name>
         <load_address>0x843cd</load_address>
         <run_address>0x843cd</run_address>
         <size>0x72</size>
         <input_file_ref idref="fl-8"/>
      </object_component>
      <object_component id="oc-318">
         <name>.text:computeDF22_NotchFltrCoeff</name>
         <load_address>0x8443f</load_address>
         <run_address>0x8443f</run_address>
         <size>0x6e</size>
         <input_file_ref idref="fl-8"/>
      </object_component>
      <object_component id="oc-e4">
         <name>.text:SCI_COMMS_init</name>
         <load_address>0x844ad</load_address>
         <run_address>0x844ad</run_address>
         <size>0x69</size>
         <input_file_ref idref="fl-2"/>
      </object_component>
      <object_component id="oc-23a">
         <name>.text:main</name>
         <load_address>0x84516</load_address>
         <run_address>0x84516</run_address>
         <size>0x69</size>
         <input_file_ref idref="fl-a"/>
      </object_component>
      <object_component id="oc-275">
         <name>.text:Device_init</name>
         <load_address>0x8457f</load_address>
         <run_address>0x8457f</run_address>
         <size>0x5c</size>
         <input_file_ref idref="fl-3"/>
      </object_component>
      <object_component id="oc-2e2">
         <name>.text:SysCtl_getClock</name>
         <load_address>0x845db</load_address>
         <run_address>0x845db</run_address>
         <size>0x59</size>
         <input_file_ref idref="fl-20"/>
      </object_component>
      <object_component id="oc-87">
         <name>.text:uINV_DCDC_fail</name>
         <load_address>0x84634</load_address>
         <run_address>0x84634</run_address>
         <size>0x55</size>
         <input_file_ref idref="fl-9"/>
      </object_component>
      <object_component id="oc-29f">
         <name>.text:uINV_comms_init</name>
         <load_address>0x84689</load_address>
         <run_address>0x84689</run_address>
         <size>0x4b</size>
         <input_file_ref idref="fl-7"/>
      </object_component>
      <object_component id="oc-13a">
         <name>.text:GPIO_setAnalogMode</name>
         <load_address>0x846d4</load_address>
         <run_address>0x846d4</run_address>
         <size>0x45</size>
         <input_file_ref idref="fl-1d"/>
      </object_component>
      <object_component id="oc-39b">
         <name>.text:SysCtl_selectXTAL</name>
         <load_address>0x84719</load_address>
         <run_address>0x84719</run_address>
         <size>0x45</size>
         <input_file_ref idref="fl-20"/>
      </object_component>
      <object_component id="oc-18b">
         <name>.text:EPWM_setActionQualifierAction$0</name>
         <load_address>0x8475e</load_address>
         <run_address>0x8475e</run_address>
         <size>0x43</size>
         <input_file_ref idref="fl-2"/>
      </object_component>
      <object_component id="oc-381">
         <name>.text:init_boost_pi_i$4</name>
         <load_address>0x847a1</load_address>
         <run_address>0x847a1</run_address>
         <size>0x42</size>
         <input_file_ref idref="fl-9"/>
      </object_component>
      <object_component id="oc-8d">
         <name>.text:init_boost_pi_i</name>
         <load_address>0x847e3</load_address>
         <run_address>0x847e3</run_address>
         <size>0x42</size>
         <input_file_ref idref="fl-a"/>
      </object_component>
      <object_component id="oc-293">
         <name>.text:Interrupt_initModule</name>
         <load_address>0x84825</load_address>
         <run_address>0x84825</run_address>
         <size>0x41</size>
         <input_file_ref idref="fl-1e"/>
      </object_component>
      <object_component id="oc-387">
         <name>.text:init_boost_pi_v$4</name>
         <load_address>0x84866</load_address>
         <run_address>0x84866</run_address>
         <size>0x41</size>
         <input_file_ref idref="fl-9"/>
      </object_component>
      <object_component id="oc-93">
         <name>.text:init_boost_pi_v</name>
         <load_address>0x848a7</load_address>
         <run_address>0x848a7</run_address>
         <size>0x41</size>
         <input_file_ref idref="fl-a"/>
      </object_component>
      <object_component id="oc-2b3">
         <name>.text:uINV_comms_test</name>
         <load_address>0x848e8</load_address>
         <run_address>0x848e8</run_address>
         <size>0x40</size>
         <input_file_ref idref="fl-7"/>
      </object_component>
      <object_component id="oc-140">
         <name>.text:GPIO_setPadConfig</name>
         <load_address>0x84928</load_address>
         <run_address>0x84928</run_address>
         <size>0x3f</size>
         <input_file_ref idref="fl-1d"/>
      </object_component>
      <object_component id="oc-3b2">
         <name>.text:SysCtl_pollX1Counter</name>
         <load_address>0x84967</load_address>
         <run_address>0x84967</run_address>
         <size>0x3e</size>
         <input_file_ref idref="fl-20"/>
      </object_component>
      <object_component id="oc-191">
         <name>.text:EPWM_setTripZoneAction$0</name>
         <load_address>0x849a5</load_address>
         <run_address>0x849a5</run_address>
         <size>0x38</size>
         <input_file_ref idref="fl-2"/>
      </object_component>
      <object_component id="oc-2ab">
         <name>.text:uINV_DCAC_Init</name>
         <load_address>0x849dd</load_address>
         <run_address>0x849dd</run_address>
         <size>0x38</size>
         <input_file_ref idref="fl-8"/>
      </object_component>
      <object_component id="oc-ea">
         <name>.text:Interrupt_enable</name>
         <load_address>0x84a15</load_address>
         <run_address>0x84a15</run_address>
         <size>0x36</size>
         <input_file_ref idref="fl-1e"/>
      </object_component>
      <object_component id="oc-216">
         <name>.text:__TI_auto_init_nopinit</name>
         <load_address>0x84a4b</load_address>
         <run_address>0x84a4b</run_address>
         <size>0x34</size>
         <input_file_ref idref="fl-32"/>
      </object_component>
      <object_component id="oc-134">
         <name>.text:GPIO_setPinConfig</name>
         <load_address>0x84a7f</load_address>
         <run_address>0x84a7f</run_address>
         <size>0x30</size>
         <input_file_ref idref="fl-1d"/>
      </object_component>
      <object_component id="oc-15">
         <name>.text:decompress:lzss</name>
         <load_address>0x84aaf</load_address>
         <run_address>0x84aaf</run_address>
         <size>0x30</size>
         <input_file_ref idref="fl-35"/>
      </object_component>
      <object_component id="oc-269">
         <name>.text</name>
         <load_address>0x84adf</load_address>
         <run_address>0x84adf</run_address>
         <size>0x30</size>
         <input_file_ref idref="fl-3a"/>
      </object_component>
      <object_component id="oc-34d">
         <name>.text:SysCtl_selectOscSource</name>
         <load_address>0x84b0f</load_address>
         <run_address>0x84b0f</run_address>
         <size>0x2d</size>
         <input_file_ref idref="fl-20"/>
      </object_component>
      <object_component id="oc-d8">
         <name>.text:XBAR_setEPWMMuxConfig</name>
         <load_address>0x84b3c</load_address>
         <run_address>0x84b3c</run_address>
         <size>0x2b</size>
         <input_file_ref idref="fl-21"/>
      </object_component>
      <object_component id="oc-1da">
         <name>.text</name>
         <load_address>0x84b67</load_address>
         <run_address>0x84b67</run_address>
         <size>0x29</size>
         <input_file_ref idref="fl-36"/>
      </object_component>
      <object_component id="oc-ba">
         <name>.text:myCLB0_init</name>
         <load_address>0x84b90</load_address>
         <run_address>0x84b90</run_address>
         <size>0x27</size>
         <input_file_ref idref="fl-2"/>
      </object_component>
      <object_component id="oc-1ad">
         <name>.text:SCI_setConfig</name>
         <load_address>0x84bb7</load_address>
         <run_address>0x84bb7</run_address>
         <size>0x23</size>
         <input_file_ref idref="fl-1f"/>
      </object_component>
      <object_component id="oc-1a0">
         <name>.text:GPIO_setControllerCore</name>
         <load_address>0x84bda</load_address>
         <run_address>0x84bda</run_address>
         <size>0x22</size>
         <input_file_ref idref="fl-1d"/>
      </object_component>
      <object_component id="oc-146">
         <name>.text:GPIO_setQualificationMode</name>
         <load_address>0x84bfc</load_address>
         <run_address>0x84bfc</run_address>
         <size>0x22</size>
         <input_file_ref idref="fl-1d"/>
      </object_component>
      <object_component id="oc-33d">
         <name>.text:SCI_writeCharArray</name>
         <load_address>0x84c1e</load_address>
         <run_address>0x84c1e</run_address>
         <size>0x22</size>
         <input_file_ref idref="fl-1f"/>
      </object_component>
      <object_component id="oc-395">
         <name>.text:SysCtl_selectXTALSingleEnded</name>
         <load_address>0x84c40</load_address>
         <run_address>0x84c40</run_address>
         <size>0x21</size>
         <input_file_ref idref="fl-20"/>
      </object_component>
      <object_component id="oc-19a">
         <name>.text:GPIO_setDirectionMode</name>
         <load_address>0x84c61</load_address>
         <run_address>0x84c61</run_address>
         <size>0x20</size>
         <input_file_ref idref="fl-1d"/>
      </object_component>
      <object_component id="oc-170">
         <name>.text:CMPSS_configRamp</name>
         <load_address>0x84c81</load_address>
         <run_address>0x84c81</run_address>
         <size>0x1f</size>
         <input_file_ref idref="fl-19"/>
      </object_component>
      <object_component id="oc-1a7">
         <name>.text:SCI_clearInterruptStatus</name>
         <load_address>0x84ca0</load_address>
         <run_address>0x84ca0</run_address>
         <size>0x1c</size>
         <input_file_ref idref="fl-1f"/>
      </object_component>
      <object_component id="oc-60">
         <name>.text</name>
         <load_address>0x84cbc</load_address>
         <run_address>0x84cbc</run_address>
         <size>0x1c</size>
         <input_file_ref idref="fl-3b"/>
      </object_component>
      <object_component id="oc-1e9">
         <name>.text:ADC_setOffsetTrimAll</name>
         <load_address>0x84cd8</load_address>
         <run_address>0x84cd8</run_address>
         <size>0x1a</size>
         <input_file_ref idref="fl-18"/>
      </object_component>
      <object_component id="oc-15a">
         <name>.text:ADC_setVREF</name>
         <load_address>0x84cf2</load_address>
         <run_address>0x84cf2</run_address>
         <size>0x19</size>
         <input_file_ref idref="fl-18"/>
      </object_component>
      <object_component id="oc-164">
         <name>.text:CMPSS_configFilterHigh</name>
         <load_address>0x84d0b</load_address>
         <run_address>0x84d0b</run_address>
         <size>0x19</size>
         <input_file_ref idref="fl-19"/>
      </object_component>
      <object_component id="oc-16a">
         <name>.text:CMPSS_configFilterLow</name>
         <load_address>0x84d24</load_address>
         <run_address>0x84d24</run_address>
         <size>0x19</size>
         <input_file_ref idref="fl-19"/>
      </object_component>
      <object_component id="oc-124">
         <name>.text</name>
         <load_address>0x84d3d</load_address>
         <run_address>0x84d3d</run_address>
         <size>0x17</size>
         <input_file_ref idref="fl-2e"/>
      </object_component>
      <object_component id="oc-2a5">
         <name>.text:uINV_DCDC_init</name>
         <load_address>0x84d54</load_address>
         <run_address>0x84d54</run_address>
         <size>0x17</size>
         <input_file_ref idref="fl-9"/>
      </object_component>
      <object_component id="oc-176">
         <name>.text:CMPSS_configLatchOnPWMSYNC</name>
         <load_address>0x84d6b</load_address>
         <run_address>0x84d6b</run_address>
         <size>0x15</size>
         <input_file_ref idref="fl-19"/>
      </object_component>
      <object_component id="oc-46">
         <name>.text:Interrupt_initVectorTable</name>
         <load_address>0x84d80</load_address>
         <run_address>0x84d80</run_address>
         <size>0x15</size>
         <input_file_ref idref="fl-1e"/>
      </object_component>
      <object_component id="oc-2e8">
         <name>.text:SysCtl_getLowSpeedClock</name>
         <load_address>0x84d95</load_address>
         <run_address>0x84d95</run_address>
         <size>0x15</size>
         <input_file_ref idref="fl-20"/>
      </object_component>
      <object_component id="oc-14d">
         <name>.text:SysCtl_configureType</name>
         <load_address>0x84daa</load_address>
         <run_address>0x84daa</run_address>
         <size>0x13</size>
         <input_file_ref idref="fl-20"/>
      </object_component>
      <object_component id="oc-153">
         <name>.text:SysCtl_setPeripheralAccessControl$0</name>
         <load_address>0x84dbd</load_address>
         <run_address>0x84dbd</run_address>
         <size>0x12</size>
         <input_file_ref idref="fl-2"/>
      </object_component>
      <object_component id="oc-27b">
         <name>.text:Device_initGPIO</name>
         <load_address>0x84dcf</load_address>
         <run_address>0x84dcf</run_address>
         <size>0x10</size>
         <input_file_ref idref="fl-3"/>
      </object_component>
      <object_component id="oc-57">
         <name>.text:Interrupt_defaultHandler</name>
         <load_address>0x84ddf</load_address>
         <run_address>0x84ddf</run_address>
         <size>0xc</size>
         <input_file_ref idref="fl-1e"/>
      </object_component>
      <object_component id="oc-1d4">
         <name>.text</name>
         <load_address>0x84deb</load_address>
         <run_address>0x84deb</run_address>
         <size>0xc</size>
         <input_file_ref idref="fl-38"/>
      </object_component>
      <object_component id="oc-281">
         <name>.text:A0</name>
         <load_address>0x84df7</load_address>
         <run_address>0x84df7</run_address>
         <size>0xa</size>
         <input_file_ref idref="fl-a"/>
      </object_component>
      <object_component id="oc-2f0">
         <name>.text:B0</name>
         <load_address>0x84e01</load_address>
         <run_address>0x84e01</run_address>
         <size>0xa</size>
         <input_file_ref idref="fl-a"/>
      </object_component>
      <object_component id="oc-51">
         <name>.text:Interrupt_illegalOperationHandler</name>
         <load_address>0x84e0b</load_address>
         <run_address>0x84e0b</run_address>
         <size>0xa</size>
         <input_file_ref idref="fl-1e"/>
      </object_component>
      <object_component id="oc-45">
         <name>.text:Interrupt_nmiHandler</name>
         <load_address>0x84e15</load_address>
         <run_address>0x84e15</run_address>
         <size>0xa</size>
         <input_file_ref idref="fl-1e"/>
      </object_component>
      <object_component id="oc-185">
         <name>.text:EPWM_setEmulationMode</name>
         <load_address>0x84e1f</load_address>
         <run_address>0x84e1f</run_address>
         <size>0x9</size>
         <input_file_ref idref="fl-1c"/>
      </object_component>
      <object_component id="oc-28d">
         <name>.text:B1</name>
         <load_address>0x84e28</load_address>
         <run_address>0x84e28</run_address>
         <size>0x8</size>
         <input_file_ref idref="fl-a"/>
      </object_component>
      <object_component id="oc-2f8">
         <name>.text:B2</name>
         <load_address>0x84e30</load_address>
         <run_address>0x84e30</run_address>
         <size>0x8</size>
         <input_file_ref idref="fl-a"/>
      </object_component>
      <object_component id="oc-363">
         <name>.text:B3</name>
         <load_address>0x84e38</load_address>
         <run_address>0x84e38</run_address>
         <size>0x8</size>
         <input_file_ref idref="fl-a"/>
      </object_component>
      <object_component id="oc-1b">
         <name>.text:decompress:none</name>
         <load_address>0x84e40</load_address>
         <run_address>0x84e40</run_address>
         <size>0x8</size>
         <input_file_ref idref="fl-34"/>
      </object_component>
      <object_component id="oc-73">
         <name>.text</name>
         <load_address>0x84e48</load_address>
         <run_address>0x84e48</run_address>
         <size>0x8</size>
         <input_file_ref idref="fl-6"/>
      </object_component>
      <object_component id="oc-6d">
         <name>.text:decompress:ZI</name>
         <load_address>0x84e50</load_address>
         <run_address>0x84e50</run_address>
         <size>0x6</size>
         <input_file_ref idref="fl-33"/>
      </object_component>
      <object_component id="oc-1cd">
         <name>.text</name>
         <load_address>0x84e56</load_address>
         <run_address>0x84e56</run_address>
         <size>0x2</size>
         <input_file_ref idref="fl-31"/>
      </object_component>
      <object_component id="oc-2d6">
         <name>.text:CMD_init</name>
         <load_address>0x84e58</load_address>
         <run_address>0x84e58</run_address>
         <size>0x1</size>
         <input_file_ref idref="fl-4"/>
      </object_component>
      <object_component id="oc-2c5">
         <name>.text</name>
         <load_address>0x84e59</load_address>
         <run_address>0x84e59</run_address>
         <size>0x1</size>
         <input_file_ref idref="fl-37"/>
      </object_component>
      <object_component id="oc-260">
         <name>.text</name>
         <load_address>0x84e5a</load_address>
         <run_address>0x84e5a</run_address>
         <size>0x1</size>
         <input_file_ref idref="fl-3c"/>
      </object_component>
      <object_component id="oc-3f">
         <name>.TI.ramfunc:ISR1</name>
         <load_address>0x81000</load_address>
         <run_address>0xf000</run_address>
         <size>0x578</size>
         <input_file_ref idref="fl-a"/>
      </object_component>
      <object_component id="oc-33">
         <name>.TI.ramfunc:ISR2</name>
         <load_address>0x81578</load_address>
         <run_address>0xf578</run_address>
         <size>0x361</size>
         <input_file_ref idref="fl-a"/>
      </object_component>
      <object_component id="oc-a7">
         <name>.TI.ramfunc</name>
         <load_address>0x818d9</load_address>
         <run_address>0xf8d9</run_address>
         <size>0x4</size>
         <input_file_ref idref="fl-20"/>
      </object_component>
      <object_component id="oc-3bd">
         <name>.binit</name>
         <load_address>0x80008</load_address>
         <run_address>0x80008</run_address>
         <size>0x14</size>
      </object_component>
      <object_component id="oc-3e6">
         <name>__TI_BINIT_Limit</name>
         <load_address>0x8001c</load_address>
         <run_address>0x8001c</run_address>
         <size>0x0</size>
      </object_component>
      <object_component id="oc-3fd">
         <name>.cinit..data.1.load</name>
         <load_address>0x818e0</load_address>
         <run_address>0x818e0</run_address>
         <size>0x30</size>
      </object_component>
      <object_component id="oc-3fe">
         <name>.cinit..data.2.load</name>
         <load_address>0x81910</load_address>
         <run_address>0x81910</run_address>
         <size>0x20</size>
      </object_component>
      <object_component id="oc-3ff">
         <name>.cinit..data.3.load</name>
         <load_address>0x81930</load_address>
         <run_address>0x81930</run_address>
         <size>0xa</size>
      </object_component>
      <object_component id="oc-3e2">
         <name>__TI_handler_table</name>
         <load_address>0x8193a</load_address>
         <run_address>0x8193a</run_address>
         <size>0x6</size>
      </object_component>
      <object_component id="oc-3f5">
         <name>.cinit..bss.1.load</name>
         <load_address>0x81940</load_address>
         <run_address>0x81940</run_address>
         <size>0x4</size>
      </object_component>
      <object_component id="oc-3f6">
         <name>.cinit..bss.2.load</name>
         <load_address>0x81944</load_address>
         <run_address>0x81944</run_address>
         <size>0x4</size>
      </object_component>
      <object_component id="oc-3f7">
         <name>.cinit..bss.3.load</name>
         <load_address>0x81948</load_address>
         <run_address>0x81948</run_address>
         <size>0x4</size>
      </object_component>
      <object_component id="oc-3f8">
         <name>.cinit..bss.4.load</name>
         <load_address>0x8194c</load_address>
         <run_address>0x8194c</run_address>
         <size>0x4</size>
      </object_component>
      <object_component id="oc-3f9">
         <name>.cinit..bss.5.load</name>
         <load_address>0x81950</load_address>
         <run_address>0x81950</run_address>
         <size>0x4</size>
      </object_component>
      <object_component id="oc-3fa">
         <name>.cinit..bss.6.load</name>
         <load_address>0x81954</load_address>
         <run_address>0x81954</run_address>
         <size>0x4</size>
      </object_component>
      <object_component id="oc-3fb">
         <name>.cinit..bss.7.load</name>
         <load_address>0x81958</load_address>
         <run_address>0x81958</run_address>
         <size>0x4</size>
      </object_component>
      <object_component id="oc-3e3">
         <name>__TI_cinit_table</name>
         <load_address>0x8195c</load_address>
         <run_address>0x8195c</run_address>
         <size>0x28</size>
      </object_component>
      <object_component id="oc-5d">
         <name>.stack</name>
         <uninitialized>true</uninitialized>
         <run_address>0x400</run_address>
         <size>0x0</size>
         <input_file_ref idref="fl-2e"/>
      </object_component>
      <object_component id="oc-3e7">
         <name>.stack</name>
         <uninitialized>true</uninitialized>
         <run_address>0x400</run_address>
         <size>0x0</size>
      </object_component>
      <object_component id="oc-30c">
         <name>.bss:uINV_DCAC_dBuff5</name>
         <uninitialized>true</uninitialized>
         <run_address>0x8800</run_address>
         <size>0x640</size>
         <input_file_ref idref="fl-8"/>
      </object_component>
      <object_component id="oc-f4">
         <name>.bss</name>
         <uninitialized>true</uninitialized>
         <run_address>0x8e40</run_address>
         <size>0x142</size>
         <input_file_ref idref="fl-8"/>
      </object_component>
      <object_component id="oc-27">
         <name>.bss:retain</name>
         <uninitialized>true</uninitialized>
         <run_address>0x8f82</run_address>
         <size>0x36</size>
         <input_file_ref idref="fl-8"/>
      </object_component>
      <object_component id="oc-31f">
         <name>.bss</name>
         <uninitialized>true</uninitialized>
         <run_address>0x8fc0</run_address>
         <size>0x30</size>
         <input_file_ref idref="fl-7"/>
      </object_component>
      <object_component id="oc-30f">
         <name>.bss:uINV_DCAC_dBuff6</name>
         <uninitialized>true</uninitialized>
         <run_address>0x9000</run_address>
         <size>0x640</size>
         <input_file_ref idref="fl-8"/>
      </object_component>
      <object_component id="oc-300">
         <name>.bss:uINV_DCAC_dBuff1</name>
         <uninitialized>true</uninitialized>
         <run_address>0x9640</run_address>
         <size>0xc8</size>
         <input_file_ref idref="fl-8"/>
      </object_component>
      <object_component id="oc-303">
         <name>.bss:uINV_DCAC_dBuff2</name>
         <uninitialized>true</uninitialized>
         <run_address>0x9708</run_address>
         <size>0xc8</size>
         <input_file_ref idref="fl-8"/>
      </object_component>
      <object_component id="oc-f7">
         <name>.bss</name>
         <uninitialized>true</uninitialized>
         <run_address>0x97d0</run_address>
         <size>0x1c</size>
         <input_file_ref idref="fl-a"/>
      </object_component>
      <object_component id="oc-312">
         <name>.bss:uINV_DCAC_dBuff7</name>
         <uninitialized>true</uninitialized>
         <run_address>0x9800</run_address>
         <size>0x640</size>
         <input_file_ref idref="fl-8"/>
      </object_component>
      <object_component id="oc-306">
         <name>.bss:uINV_DCAC_dBuff3</name>
         <uninitialized>true</uninitialized>
         <run_address>0x9e40</run_address>
         <size>0xc8</size>
         <input_file_ref idref="fl-8"/>
      </object_component>
      <object_component id="oc-309">
         <name>.bss:uINV_DCAC_dBuff4</name>
         <uninitialized>true</uninitialized>
         <run_address>0x9f08</run_address>
         <size>0xc8</size>
         <input_file_ref idref="fl-8"/>
      </object_component>
      <object_component id="oc-315">
         <name>.bss:uINV_DCAC_dBuff8</name>
         <uninitialized>true</uninitialized>
         <run_address>0xa000</run_address>
         <size>0x640</size>
         <input_file_ref idref="fl-8"/>
      </object_component>
      <object_component id="oc-10f">
         <name>.bss:vctrl_array</name>
         <uninitialized>true</uninitialized>
         <run_address>0xa800</run_address>
         <size>0x320</size>
         <input_file_ref idref="fl-a"/>
      </object_component>
      <object_component id="oc-30">
         <name>.bss:retain</name>
         <uninitialized>true</uninitialized>
         <run_address>0xab40</run_address>
         <size>0x226</size>
         <input_file_ref idref="fl-9"/>
      </object_component>
      <object_component id="oc-fd">
         <name>.const:.string</name>
         <load_address>0x84000</load_address>
         <run_address>0x84000</run_address>
         <size>0x45</size>
         <input_file_ref idref="fl-a"/>
      </object_component>
      <object_component id="oc-1fa">
         <name>.const:.string</name>
         <load_address>0x84046</load_address>
         <run_address>0x84046</run_address>
         <size>0x44</size>
         <input_file_ref idref="fl-3d"/>
      </object_component>
      <object_component id="oc-f1">
         <name>.data</name>
         <load_address>0xad80</load_address>
         <run_address>0xad80</run_address>
         <size>0x116</size>
         <input_file_ref idref="fl-8"/>
      </object_component>
      <object_component id="oc-2a">
         <name>.data:retain</name>
         <load_address>0xae96</load_address>
         <run_address>0xae96</run_address>
         <size>0x1c</size>
         <input_file_ref idref="fl-8"/>
      </object_component>
      <object_component id="oc-242">
         <name>.data</name>
         <load_address>0xaeb2</load_address>
         <run_address>0xaeb2</run_address>
         <size>0x6</size>
         <input_file_ref idref="fl-36"/>
      </object_component>
      <object_component id="oc-343">
         <name>.data</name>
         <load_address>0xaeb8</load_address>
         <run_address>0xaeb8</run_address>
         <size>0x4</size>
         <input_file_ref idref="fl-7"/>
      </object_component>
      <object_component id="oc-245">
         <name>.data:_lock</name>
         <load_address>0xaebc</load_address>
         <run_address>0xaebc</run_address>
         <size>0x2</size>
         <input_file_ref idref="fl-37"/>
      </object_component>
      <object_component id="oc-2d">
         <name>.data:retain</name>
         <load_address>0xaec0</load_address>
         <run_address>0xaec0</run_address>
         <size>0x30</size>
         <input_file_ref idref="fl-9"/>
      </object_component>
      <object_component id="oc-81">
         <name>.data</name>
         <load_address>0xaf00</load_address>
         <run_address>0xaf00</run_address>
         <size>0x1c</size>
         <input_file_ref idref="fl-9"/>
      </object_component>
      <object_component id="oc-fa">
         <name>.data</name>
         <load_address>0xaf1c</load_address>
         <run_address>0xaf1c</run_address>
         <size>0x12</size>
         <input_file_ref idref="fl-a"/>
      </object_component>
      <object_component id="oc-38e">
         <name>FPUmathTables</name>
         <load_address>0x86000</load_address>
         <run_address>0xd000</run_address>
         <size>0xd0</size>
         <input_file_ref idref="fl-17"/>
      </object_component>
      <object_component id="oc-38f">
         <name>FPUmathTables</name>
         <load_address>0x860d0</load_address>
         <run_address>0xd0d0</run_address>
         <size>0xbe</size>
         <input_file_ref idref="fl-16"/>
      </object_component>
      <object_component id="oc-10a">
         <name>dclfuncs</name>
         <load_address>0x87000</load_address>
         <run_address>0xe000</run_address>
         <size>0x2f</size>
         <input_file_ref idref="fl-b"/>
      </object_component>
      <object_component id="oc-1be">
         <name>.debug_types</name>
         <load_address>0x0</load_address>
         <run_address>0x0</run_address>
         <size>0x13ea</size>
         <input_file_ref idref="fl-3"/>
      </object_component>
      <object_component id="oc-323">
         <name>.debug_types</name>
         <load_address>0x13ea</load_address>
         <run_address>0x13ea</run_address>
         <size>0x114e</size>
         <input_file_ref idref="fl-7"/>
      </object_component>
      <object_component id="oc-9a">
         <name>.debug_types</name>
         <load_address>0x2538</load_address>
         <run_address>0x2538</run_address>
         <size>0xc72</size>
         <input_file_ref idref="fl-a"/>
      </object_component>
      <object_component id="oc-1f0">
         <name>.debug_types</name>
         <load_address>0x31aa</load_address>
         <run_address>0x31aa</run_address>
         <size>0x317</size>
         <input_file_ref idref="fl-18"/>
      </object_component>
      <object_component id="oc-1f2">
         <name>.debug_types</name>
         <load_address>0x34c1</load_address>
         <run_address>0x34c1</run_address>
         <size>0x2f</size>
         <input_file_ref idref="fl-19"/>
      </object_component>
      <object_component id="oc-1f7">
         <name>.debug_types</name>
         <load_address>0x34f0</load_address>
         <run_address>0x34f0</run_address>
         <size>0xf0</size>
         <input_file_ref idref="fl-1b"/>
      </object_component>
      <object_component id="oc-1f9">
         <name>.debug_types</name>
         <load_address>0x35e0</load_address>
         <run_address>0x35e0</run_address>
         <size>0xb7e</size>
         <input_file_ref idref="fl-1c"/>
      </object_component>
      <object_component id="oc-1e2">
         <name>.debug_types</name>
         <load_address>0x415e</load_address>
         <run_address>0x415e</run_address>
         <size>0x593</size>
         <input_file_ref idref="fl-1d"/>
      </object_component>
      <object_component id="oc-11a">
         <name>.debug_types</name>
         <load_address>0x0</load_address>
         <run_address>0x0</run_address>
         <size>0x0</size>
         <input_file_ref idref="fl-1e"/>
      </object_component>
      <object_component id="oc-203">
         <name>.debug_types</name>
         <load_address>0x46f1</load_address>
         <run_address>0x46f1</run_address>
         <size>0x1cc</size>
         <input_file_ref idref="fl-1f"/>
      </object_component>
      <object_component id="oc-1e7">
         <name>.debug_types</name>
         <load_address>0x48bd</load_address>
         <run_address>0x48bd</run_address>
         <size>0x7c6</size>
         <input_file_ref idref="fl-20"/>
      </object_component>
      <object_component id="oc-199">
         <name>.debug_types</name>
         <load_address>0x5083</load_address>
         <run_address>0x5083</run_address>
         <size>0x3c6e</size>
         <input_file_ref idref="fl-21"/>
      </object_component>
      <object_component id="oc-267">
         <name>.debug_types</name>
         <load_address>0x8cf1</load_address>
         <run_address>0x8cf1</run_address>
         <size>0x46c</size>
         <input_file_ref idref="fl-32"/>
      </object_component>
      <object_component id="oc-249">
         <name>.debug_types</name>
         <load_address>0x915d</load_address>
         <run_address>0x915d</run_address>
         <size>0xbf</size>
         <input_file_ref idref="fl-36"/>
      </object_component>
      <object_component id="oc-241">
         <name>.debug_types</name>
         <load_address>0x921c</load_address>
         <run_address>0x921c</run_address>
         <size>0xe1</size>
         <input_file_ref idref="fl-38"/>
      </object_component>
      <object_component id="oc-2d1">
         <name>.debug_types</name>
         <load_address>0x0</load_address>
         <run_address>0x0</run_address>
         <size>0x0</size>
         <input_file_ref idref="fl-3c"/>
      </object_component>
      <object_component id="oc-5f">
         <name>.debug_types</name>
         <load_address>0x92fd</load_address>
         <run_address>0x92fd</run_address>
         <size>0x487f</size>
         <input_file_ref idref="fl-3d"/>
      </object_component>
      <object_component id="oc-100">
         <name>.debug_info</name>
         <load_address>0x0</load_address>
         <run_address>0x0</run_address>
         <size>0x12a</size>
         <input_file_ref idref="fl-3"/>
      </object_component>
      <object_component id="oc-27c">
         <name>.debug_info</name>
         <load_address>0x12a</load_address>
         <run_address>0x12a</run_address>
         <size>0x110</size>
         <input_file_ref idref="fl-3"/>
      </object_component>
      <object_component id="oc-276">
         <name>.debug_info</name>
         <load_address>0x23a</load_address>
         <run_address>0x23a</run_address>
         <size>0x1b0</size>
         <input_file_ref idref="fl-3"/>
      </object_component>
      <object_component id="oc-23">
         <name>.debug_info</name>
         <load_address>0x3ea</load_address>
         <run_address>0x3ea</run_address>
         <size>0x1a9</size>
         <input_file_ref idref="fl-6"/>
      </object_component>
      <object_component id="oc-74">
         <name>.debug_info</name>
         <load_address>0x593</load_address>
         <run_address>0x593</run_address>
         <size>0x1aa</size>
         <input_file_ref idref="fl-6"/>
      </object_component>
      <object_component id="oc-344">
         <name>.debug_info</name>
         <load_address>0x73d</load_address>
         <run_address>0x73d</run_address>
         <size>0xf1</size>
         <input_file_ref idref="fl-7"/>
      </object_component>
      <object_component id="oc-320">
         <name>.debug_info</name>
         <load_address>0x82e</load_address>
         <run_address>0x82e</run_address>
         <size>0xf1</size>
         <input_file_ref idref="fl-7"/>
      </object_component>
      <object_component id="oc-338">
         <name>.debug_info</name>
         <load_address>0x91f</load_address>
         <run_address>0x91f</run_address>
         <size>0x11e</size>
         <input_file_ref idref="fl-7"/>
      </object_component>
      <object_component id="oc-2b4">
         <name>.debug_info</name>
         <load_address>0xa3d</load_address>
         <run_address>0xa3d</run_address>
         <size>0x1bd</size>
         <input_file_ref idref="fl-7"/>
      </object_component>
      <object_component id="oc-2a0">
         <name>.debug_info</name>
         <load_address>0xbfa</load_address>
         <run_address>0xbfa</run_address>
         <size>0x12e</size>
         <input_file_ref idref="fl-7"/>
      </object_component>
      <object_component id="oc-f8">
         <name>.debug_info</name>
         <load_address>0xd28</load_address>
         <run_address>0xd28</run_address>
         <size>0x1a8</size>
         <input_file_ref idref="fl-a"/>
      </object_component>
      <object_component id="oc-fb">
         <name>.debug_info</name>
         <load_address>0xed0</load_address>
         <run_address>0xed0</run_address>
         <size>0x27f</size>
         <input_file_ref idref="fl-a"/>
      </object_component>
      <object_component id="oc-110">
         <name>.debug_info</name>
         <load_address>0x114f</load_address>
         <run_address>0x114f</run_address>
         <size>0xe9</size>
         <input_file_ref idref="fl-a"/>
      </object_component>
      <object_component id="oc-364">
         <name>.debug_info</name>
         <load_address>0x1238</load_address>
         <run_address>0x1238</run_address>
         <size>0x10b</size>
         <input_file_ref idref="fl-a"/>
      </object_component>
      <object_component id="oc-2f9">
         <name>.debug_info</name>
         <load_address>0x1343</load_address>
         <run_address>0x1343</run_address>
         <size>0x10a</size>
         <input_file_ref idref="fl-a"/>
      </object_component>
      <object_component id="oc-28e">
         <name>.debug_info</name>
         <load_address>0x144d</load_address>
         <run_address>0x144d</run_address>
         <size>0x10a</size>
         <input_file_ref idref="fl-a"/>
      </object_component>
      <object_component id="oc-288">
         <name>.debug_info</name>
         <load_address>0x1557</load_address>
         <run_address>0x1557</run_address>
         <size>0xf6</size>
         <input_file_ref idref="fl-a"/>
      </object_component>
      <object_component id="oc-282">
         <name>.debug_info</name>
         <load_address>0x164d</load_address>
         <run_address>0x164d</run_address>
         <size>0xfb</size>
         <input_file_ref idref="fl-a"/>
      </object_component>
      <object_component id="oc-2f1">
         <name>.debug_info</name>
         <load_address>0x1748</load_address>
         <run_address>0x1748</run_address>
         <size>0xfb</size>
         <input_file_ref idref="fl-a"/>
      </object_component>
      <object_component id="oc-23b">
         <name>.debug_info</name>
         <load_address>0x1843</load_address>
         <run_address>0x1843</run_address>
         <size>0x220</size>
         <input_file_ref idref="fl-a"/>
      </object_component>
      <object_component id="oc-8e">
         <name>.debug_info</name>
         <load_address>0x1a63</load_address>
         <run_address>0x1a63</run_address>
         <size>0x141</size>
         <input_file_ref idref="fl-a"/>
      </object_component>
      <object_component id="oc-94">
         <name>.debug_info</name>
         <load_address>0x1ba4</load_address>
         <run_address>0x1ba4</run_address>
         <size>0x141</size>
         <input_file_ref idref="fl-a"/>
      </object_component>
      <object_component id="oc-34">
         <name>.debug_info</name>
         <load_address>0x1ce5</load_address>
         <run_address>0x1ce5</run_address>
         <size>0x2b4</size>
         <input_file_ref idref="fl-a"/>
      </object_component>
      <object_component id="oc-113">
         <name>.debug_info</name>
         <load_address>0x1f99</load_address>
         <run_address>0x1f99</run_address>
         <size>0x190</size>
         <input_file_ref idref="fl-a"/>
      </object_component>
      <object_component id="oc-40">
         <name>.debug_info</name>
         <load_address>0x2129</load_address>
         <run_address>0x2129</run_address>
         <size>0x2f3</size>
         <input_file_ref idref="fl-a"/>
      </object_component>
      <object_component id="oc-10b">
         <name>.debug_info</name>
         <load_address>0x241c</load_address>
         <run_address>0x241c</run_address>
         <size>0xfc</size>
         <input_file_ref idref="fl-b"/>
      </object_component>
      <object_component id="oc-334">
         <name>.debug_info</name>
         <load_address>0x2518</load_address>
         <run_address>0x2518</run_address>
         <size>0x134</size>
         <input_file_ref idref="fl-15"/>
      </object_component>
      <object_component id="oc-1ed">
         <name>.debug_info</name>
         <load_address>0x264c</load_address>
         <run_address>0x264c</run_address>
         <size>0x205</size>
         <input_file_ref idref="fl-18"/>
      </object_component>
      <object_component id="oc-15e">
         <name>.debug_info</name>
         <load_address>0x2851</load_address>
         <run_address>0x2851</run_address>
         <size>0x217</size>
         <input_file_ref idref="fl-18"/>
      </object_component>
      <object_component id="oc-174">
         <name>.debug_info</name>
         <load_address>0x2a68</load_address>
         <run_address>0x2a68</run_address>
         <size>0x2b0</size>
         <input_file_ref idref="fl-19"/>
      </object_component>
      <object_component id="oc-177">
         <name>.debug_info</name>
         <load_address>0x2d18</load_address>
         <run_address>0x2d18</run_address>
         <size>0x233</size>
         <input_file_ref idref="fl-19"/>
      </object_component>
      <object_component id="oc-16c">
         <name>.debug_info</name>
         <load_address>0x2f4b</load_address>
         <run_address>0x2f4b</run_address>
         <size>0x262</size>
         <input_file_ref idref="fl-19"/>
      </object_component>
      <object_component id="oc-168">
         <name>.debug_info</name>
         <load_address>0x31ad</load_address>
         <run_address>0x31ad</run_address>
         <size>0x264</size>
         <input_file_ref idref="fl-19"/>
      </object_component>
      <object_component id="oc-17f">
         <name>.debug_info</name>
         <load_address>0x3411</load_address>
         <run_address>0x3411</run_address>
         <size>0x1f1</size>
         <input_file_ref idref="fl-1b"/>
      </object_component>
      <object_component id="oc-189">
         <name>.debug_info</name>
         <load_address>0x3602</load_address>
         <run_address>0x3602</run_address>
         <size>0x203</size>
         <input_file_ref idref="fl-1c"/>
      </object_component>
      <object_component id="oc-147">
         <name>.debug_info</name>
         <load_address>0x3805</load_address>
         <run_address>0x3805</run_address>
         <size>0x20b</size>
         <input_file_ref idref="fl-1d"/>
      </object_component>
      <object_component id="oc-135">
         <name>.debug_info</name>
         <load_address>0x3a10</load_address>
         <run_address>0x3a10</run_address>
         <size>0x1d5</size>
         <input_file_ref idref="fl-1d"/>
      </object_component>
      <object_component id="oc-141">
         <name>.debug_info</name>
         <load_address>0x3be5</load_address>
         <run_address>0x3be5</run_address>
         <size>0x219</size>
         <input_file_ref idref="fl-1d"/>
      </object_component>
      <object_component id="oc-19b">
         <name>.debug_info</name>
         <load_address>0x3dfe</load_address>
         <run_address>0x3dfe</run_address>
         <size>0x21c</size>
         <input_file_ref idref="fl-1d"/>
      </object_component>
      <object_component id="oc-1a1">
         <name>.debug_info</name>
         <load_address>0x401a</load_address>
         <run_address>0x401a</run_address>
         <size>0x1f3</size>
         <input_file_ref idref="fl-1d"/>
      </object_component>
      <object_component id="oc-13d">
         <name>.debug_info</name>
         <load_address>0x420d</load_address>
         <run_address>0x420d</run_address>
         <size>0x216</size>
         <input_file_ref idref="fl-1d"/>
      </object_component>
      <object_component id="oc-4f">
         <name>.debug_info</name>
         <load_address>0x4423</load_address>
         <run_address>0x4423</run_address>
         <size>0x1af</size>
         <input_file_ref idref="fl-1e"/>
      </object_component>
      <object_component id="oc-4a">
         <name>.debug_info</name>
         <load_address>0x45d2</load_address>
         <run_address>0x45d2</run_address>
         <size>0x1c5</size>
         <input_file_ref idref="fl-1e"/>
      </object_component>
      <object_component id="oc-295">
         <name>.debug_info</name>
         <load_address>0x4797</load_address>
         <run_address>0x4797</run_address>
         <size>0x1b9</size>
         <input_file_ref idref="fl-1e"/>
      </object_component>
      <object_component id="oc-54">
         <name>.debug_info</name>
         <load_address>0x4950</load_address>
         <run_address>0x4950</run_address>
         <size>0x1c9</size>
         <input_file_ref idref="fl-1e"/>
      </object_component>
      <object_component id="oc-ec">
         <name>.debug_info</name>
         <load_address>0x4b19</load_address>
         <run_address>0x4b19</run_address>
         <size>0x201</size>
         <input_file_ref idref="fl-1e"/>
      </object_component>
      <object_component id="oc-58">
         <name>.debug_info</name>
         <load_address>0x4d1a</load_address>
         <run_address>0x4d1a</run_address>
         <size>0x1b7</size>
         <input_file_ref idref="fl-1e"/>
      </object_component>
      <object_component id="oc-33f">
         <name>.debug_info</name>
         <load_address>0x4ed1</load_address>
         <run_address>0x4ed1</run_address>
         <size>0x203</size>
         <input_file_ref idref="fl-1f"/>
      </object_component>
      <object_component id="oc-1ae">
         <name>.debug_info</name>
         <load_address>0x50d4</load_address>
         <run_address>0x50d4</run_address>
         <size>0x20a</size>
         <input_file_ref idref="fl-1f"/>
      </object_component>
      <object_component id="oc-1a8">
         <name>.debug_info</name>
         <load_address>0x52de</load_address>
         <run_address>0x52de</run_address>
         <size>0x200</size>
         <input_file_ref idref="fl-1f"/>
      </object_component>
      <object_component id="oc-3b3">
         <name>.debug_info</name>
         <load_address>0x54de</load_address>
         <run_address>0x54de</run_address>
         <size>0x20c</size>
         <input_file_ref idref="fl-20"/>
      </object_component>
      <object_component id="oc-397">
         <name>.debug_info</name>
         <load_address>0x56ea</load_address>
         <run_address>0x56ea</run_address>
         <size>0x1f1</size>
         <input_file_ref idref="fl-20"/>
      </object_component>
      <object_component id="oc-39d">
         <name>.debug_info</name>
         <load_address>0x58db</load_address>
         <run_address>0x58db</run_address>
         <size>0x20a</size>
         <input_file_ref idref="fl-20"/>
      </object_component>
      <object_component id="oc-34f">
         <name>.debug_info</name>
         <load_address>0x5ae5</load_address>
         <run_address>0x5ae5</run_address>
         <size>0x207</size>
         <input_file_ref idref="fl-20"/>
      </object_component>
      <object_component id="oc-355">
         <name>.debug_info</name>
         <load_address>0x5cec</load_address>
         <run_address>0x5cec</run_address>
         <size>0x30c</size>
         <input_file_ref idref="fl-20"/>
      </object_component>
      <object_component id="oc-2de">
         <name>.debug_info</name>
         <load_address>0x5ff8</load_address>
         <run_address>0x5ff8</run_address>
         <size>0x32b</size>
         <input_file_ref idref="fl-20"/>
      </object_component>
      <object_component id="oc-2e3">
         <name>.debug_info</name>
         <load_address>0x6323</load_address>
         <run_address>0x6323</run_address>
         <size>0x212</size>
         <input_file_ref idref="fl-20"/>
      </object_component>
      <object_component id="oc-2e9">
         <name>.debug_info</name>
         <load_address>0x6535</load_address>
         <run_address>0x6535</run_address>
         <size>0x201</size>
         <input_file_ref idref="fl-20"/>
      </object_component>
      <object_component id="oc-14e">
         <name>.debug_info</name>
         <load_address>0x6736</load_address>
         <run_address>0x6736</run_address>
         <size>0x209</size>
         <input_file_ref idref="fl-20"/>
      </object_component>
      <object_component id="oc-db">
         <name>.debug_info</name>
         <load_address>0x693f</load_address>
         <run_address>0x693f</run_address>
         <size>0x20d</size>
         <input_file_ref idref="fl-21"/>
      </object_component>
      <object_component id="oc-126">
         <name>.debug_info</name>
         <load_address>0x6b4c</load_address>
         <run_address>0x6b4c</run_address>
         <size>0x158</size>
         <input_file_ref idref="fl-2e"/>
      </object_component>
      <object_component id="oc-3a3">
         <name>.debug_info</name>
         <load_address>0x6ca4</load_address>
         <run_address>0x6ca4</run_address>
         <size>0x127</size>
         <input_file_ref idref="fl-2f"/>
      </object_component>
      <object_component id="oc-218">
         <name>.debug_info</name>
         <load_address>0x6dcb</load_address>
         <run_address>0x6dcb</run_address>
         <size>0x1be</size>
         <input_file_ref idref="fl-32"/>
      </object_component>
      <object_component id="oc-243">
         <name>.debug_info</name>
         <load_address>0x6f89</load_address>
         <run_address>0x6f89</run_address>
         <size>0x1a0</size>
         <input_file_ref idref="fl-36"/>
      </object_component>
      <object_component id="oc-1dd">
         <name>.debug_info</name>
         <load_address>0x7129</load_address>
         <run_address>0x7129</run_address>
         <size>0x1ab</size>
         <input_file_ref idref="fl-36"/>
      </object_component>
      <object_component id="oc-1d7">
         <name>.debug_info</name>
         <load_address>0x72d4</load_address>
         <run_address>0x72d4</run_address>
         <size>0x15f</size>
         <input_file_ref idref="fl-38"/>
      </object_component>
      <object_component id="oc-262">
         <name>.debug_info</name>
         <load_address>0x7433</load_address>
         <run_address>0x7433</run_address>
         <size>0x149</size>
         <input_file_ref idref="fl-3c"/>
      </object_component>
      <object_component id="oc-82">
         <name>.debug_info</name>
         <load_address>0x757c</load_address>
         <run_address>0x757c</run_address>
         <size>0x47f</size>
         <input_file_ref idref="fl-3d"/>
      </object_component>
      <object_component id="oc-28">
         <name>.debug_info</name>
         <load_address>0x79fb</load_address>
         <run_address>0x79fb</run_address>
         <size>0x743</size>
         <input_file_ref idref="fl-3d"/>
      </object_component>
      <object_component id="oc-2b">
         <name>.debug_info</name>
         <load_address>0x813e</load_address>
         <run_address>0x813e</run_address>
         <size>0x42d</size>
         <input_file_ref idref="fl-3d"/>
      </object_component>
      <object_component id="oc-f5">
         <name>.debug_info</name>
         <load_address>0x856b</load_address>
         <run_address>0x856b</run_address>
         <size>0x112e</size>
         <input_file_ref idref="fl-3d"/>
      </object_component>
      <object_component id="oc-2e">
         <name>.debug_info</name>
         <load_address>0x9699</load_address>
         <run_address>0x9699</run_address>
         <size>0x71f</size>
         <input_file_ref idref="fl-3d"/>
      </object_component>
      <object_component id="oc-f2">
         <name>.debug_info</name>
         <load_address>0x9db8</load_address>
         <run_address>0x9db8</run_address>
         <size>0x4a9</size>
         <input_file_ref idref="fl-3d"/>
      </object_component>
      <object_component id="oc-246">
         <name>.debug_info</name>
         <load_address>0xa261</load_address>
         <run_address>0xa261</run_address>
         <size>0xcd</size>
         <input_file_ref idref="fl-3d"/>
      </object_component>
      <object_component id="oc-31">
         <name>.debug_info</name>
         <load_address>0xa32e</load_address>
         <run_address>0xa32e</run_address>
         <size>0x4a5</size>
         <input_file_ref idref="fl-3d"/>
      </object_component>
      <object_component id="oc-301">
         <name>.debug_info</name>
         <load_address>0xa7d3</load_address>
         <run_address>0xa7d3</run_address>
         <size>0xe3</size>
         <input_file_ref idref="fl-3d"/>
      </object_component>
      <object_component id="oc-304">
         <name>.debug_info</name>
         <load_address>0xa8b6</load_address>
         <run_address>0xa8b6</run_address>
         <size>0xe3</size>
         <input_file_ref idref="fl-3d"/>
      </object_component>
      <object_component id="oc-307">
         <name>.debug_info</name>
         <load_address>0xa999</load_address>
         <run_address>0xa999</run_address>
         <size>0xe3</size>
         <input_file_ref idref="fl-3d"/>
      </object_component>
      <object_component id="oc-30a">
         <name>.debug_info</name>
         <load_address>0xaa7c</load_address>
         <run_address>0xaa7c</run_address>
         <size>0xe3</size>
         <input_file_ref idref="fl-3d"/>
      </object_component>
      <object_component id="oc-30d">
         <name>.debug_info</name>
         <load_address>0xab5f</load_address>
         <run_address>0xab5f</run_address>
         <size>0xe3</size>
         <input_file_ref idref="fl-3d"/>
      </object_component>
      <object_component id="oc-310">
         <name>.debug_info</name>
         <load_address>0xac42</load_address>
         <run_address>0xac42</run_address>
         <size>0xe3</size>
         <input_file_ref idref="fl-3d"/>
      </object_component>
      <object_component id="oc-313">
         <name>.debug_info</name>
         <load_address>0xad25</load_address>
         <run_address>0xad25</run_address>
         <size>0xe3</size>
         <input_file_ref idref="fl-3d"/>
      </object_component>
      <object_component id="oc-316">
         <name>.debug_info</name>
         <load_address>0xae08</load_address>
         <run_address>0xae08</run_address>
         <size>0xe3</size>
         <input_file_ref idref="fl-3d"/>
      </object_component>
      <object_component id="oc-84">
         <name>.debug_info</name>
         <load_address>0xaeeb</load_address>
         <run_address>0xaeeb</run_address>
         <size>0x28a</size>
         <input_file_ref idref="fl-3d"/>
      </object_component>
      <object_component id="oc-325">
         <name>.debug_info</name>
         <load_address>0xb175</load_address>
         <run_address>0xb175</run_address>
         <size>0x131</size>
         <input_file_ref idref="fl-3d"/>
      </object_component>
      <object_component id="oc-382">
         <name>.debug_info</name>
         <load_address>0xb2a6</load_address>
         <run_address>0xb2a6</run_address>
         <size>0x134</size>
         <input_file_ref idref="fl-3d"/>
      </object_component>
      <object_component id="oc-388">
         <name>.debug_info</name>
         <load_address>0xb3da</load_address>
         <run_address>0xb3da</run_address>
         <size>0x134</size>
         <input_file_ref idref="fl-3d"/>
      </object_component>
      <object_component id="oc-32b">
         <name>.debug_info</name>
         <load_address>0xb50e</load_address>
         <run_address>0xb50e</run_address>
         <size>0x1f1</size>
         <input_file_ref idref="fl-3d"/>
      </object_component>
      <object_component id="oc-2a6">
         <name>.debug_info</name>
         <load_address>0xb6ff</load_address>
         <run_address>0xb6ff</run_address>
         <size>0x15e</size>
         <input_file_ref idref="fl-3d"/>
      </object_component>
      <object_component id="oc-88">
         <name>.debug_info</name>
         <load_address>0xb85d</load_address>
         <run_address>0xb85d</run_address>
         <size>0xff</size>
         <input_file_ref idref="fl-3d"/>
      </object_component>
      <object_component id="oc-1c0">
         <name>.debug_info</name>
         <load_address>0xb95c</load_address>
         <run_address>0xb95c</run_address>
         <size>0x136</size>
         <input_file_ref idref="fl-3d"/>
      </object_component>
      <object_component id="oc-105">
         <name>.debug_info</name>
         <load_address>0xba92</load_address>
         <run_address>0xba92</run_address>
         <size>0x1f1</size>
         <input_file_ref idref="fl-3d"/>
      </object_component>
      <object_component id="oc-3a9">
         <name>.debug_info</name>
         <load_address>0xbc83</load_address>
         <run_address>0xbc83</run_address>
         <size>0x217</size>
         <input_file_ref idref="fl-3d"/>
      </object_component>
      <object_component id="oc-35e">
         <name>.debug_info</name>
         <load_address>0xbe9a</load_address>
         <run_address>0xbe9a</run_address>
         <size>0x1c6</size>
         <input_file_ref idref="fl-3d"/>
      </object_component>
      <object_component id="oc-2ac">
         <name>.debug_info</name>
         <load_address>0xc060</load_address>
         <run_address>0xc060</run_address>
         <size>0xff</size>
         <input_file_ref idref="fl-3d"/>
      </object_component>
      <object_component id="oc-319">
         <name>.debug_info</name>
         <load_address>0xc15f</load_address>
         <run_address>0xc15f</run_address>
         <size>0x197</size>
         <input_file_ref idref="fl-3d"/>
      </object_component>
      <object_component id="oc-29a">
         <name>.debug_info</name>
         <load_address>0xc2f6</load_address>
         <run_address>0xc2f6</run_address>
         <size>0x2a6</size>
         <input_file_ref idref="fl-3d"/>
      </object_component>
      <object_component id="oc-61">
         <name>.debug_info</name>
         <load_address>0xc59c</load_address>
         <run_address>0xc59c</run_address>
         <size>0x155</size>
         <input_file_ref idref="fl-3d"/>
      </object_component>
      <object_component id="oc-2c6">
         <name>.debug_info</name>
         <load_address>0xc6f1</load_address>
         <run_address>0xc6f1</run_address>
         <size>0xe2</size>
         <input_file_ref idref="fl-3d"/>
      </object_component>
      <object_component id="oc-26a">
         <name>.debug_info</name>
         <load_address>0xc7d3</load_address>
         <run_address>0xc7d3</run_address>
         <size>0x14d</size>
         <input_file_ref idref="fl-3d"/>
      </object_component>
      <object_component id="oc-1ce">
         <name>.debug_info</name>
         <load_address>0xc920</load_address>
         <run_address>0xc920</run_address>
         <size>0x105</size>
         <input_file_ref idref="fl-3d"/>
      </object_component>
      <object_component id="oc-6e">
         <name>.debug_info</name>
         <load_address>0xca25</load_address>
         <run_address>0xca25</run_address>
         <size>0x152</size>
         <input_file_ref idref="fl-3d"/>
      </object_component>
      <object_component id="oc-1c">
         <name>.debug_info</name>
         <load_address>0xcb77</load_address>
         <run_address>0xcb77</run_address>
         <size>0x163</size>
         <input_file_ref idref="fl-3d"/>
      </object_component>
      <object_component id="oc-16">
         <name>.debug_info</name>
         <load_address>0xccda</load_address>
         <run_address>0xccda</run_address>
         <size>0x1c5</size>
         <input_file_ref idref="fl-3d"/>
      </object_component>
      <object_component id="oc-2d7">
         <name>.debug_info</name>
         <load_address>0xce9f</load_address>
         <run_address>0xce9f</run_address>
         <size>0xf6</size>
         <input_file_ref idref="fl-3d"/>
      </object_component>
      <object_component id="oc-2ba">
         <name>.debug_info</name>
         <load_address>0xcf95</load_address>
         <run_address>0xcf95</run_address>
         <size>0x11f</size>
         <input_file_ref idref="fl-3d"/>
      </object_component>
      <object_component id="oc-9c">
         <name>.debug_info</name>
         <load_address>0xd0b4</load_address>
         <run_address>0xd0b4</run_address>
         <size>0xaf4</size>
         <input_file_ref idref="fl-3d"/>
      </object_component>
      <object_component id="oc-154">
         <name>.debug_info</name>
         <load_address>0xdba8</load_address>
         <run_address>0xdba8</run_address>
         <size>0x1b6</size>
         <input_file_ref idref="fl-3d"/>
      </object_component>
      <object_component id="oc-a2">
         <name>.debug_info</name>
         <load_address>0xdd5e</load_address>
         <run_address>0xdd5e</run_address>
         <size>0x1a7b</size>
         <input_file_ref idref="fl-3d"/>
      </object_component>
      <object_component id="oc-a9">
         <name>.debug_info</name>
         <load_address>0xf7d9</load_address>
         <run_address>0xf7d9</run_address>
         <size>0x11a</size>
         <input_file_ref idref="fl-3d"/>
      </object_component>
      <object_component id="oc-af">
         <name>.debug_info</name>
         <load_address>0xf8f3</load_address>
         <run_address>0xf8f3</run_address>
         <size>0x11a</size>
         <input_file_ref idref="fl-3d"/>
      </object_component>
      <object_component id="oc-b5">
         <name>.debug_info</name>
         <load_address>0xfa0d</load_address>
         <run_address>0xfa0d</run_address>
         <size>0x11a</size>
         <input_file_ref idref="fl-3d"/>
      </object_component>
      <object_component id="oc-bb">
         <name>.debug_info</name>
         <load_address>0xfb27</load_address>
         <run_address>0xfb27</run_address>
         <size>0xf9</size>
         <input_file_ref idref="fl-3d"/>
      </object_component>
      <object_component id="oc-c1">
         <name>.debug_info</name>
         <load_address>0xfc20</load_address>
[...]
         <name>uINV_DCDC_Voltage_Protection_3</name>
         <value>0xaf14</value>
         <object_component_ref idref="oc-81"/>
      </symbol>
      <symbol id="sm-2aa">
         <name>pr_w0</name>
         <value>0xaeaa</value>
         <object_component_ref idref="oc-2a"/>
      </symbol>
      <symbol id="sm-2ab">
         <name>__TI_decompress_lzss</name>
         <value>0x84aaf</value>
         <object_component_ref idref="oc-15"/>
      </symbol>
      <symbol id="sm-2ac">
         <name>myECAP0_init</name>
         <value>0x841b0</value>
         <object_component_ref idref="oc-cc"/>
      </symbol>
      <symbol id="sm-2ad">
         <name>uINV_DCDC_sr_delay_ticks</name>
         <value>0xaee0</value>
         <object_component_ref idref="oc-2d"/>
      </symbol>
      <symbol id="sm-2ae">
         <name>uINV_ACDC_iAC_real_Ref</name>
         <value>0x8fac</value>
         <object_component_ref idref="oc-27"/>
      </symbol>
      <symbol id="sm-2af">
         <name>uINV_DCAC_update_Duty_Flag</name>
         <value>0x8e41</value>
         <object_component_ref idref="oc-f4"/>
      </symbol>
      <symbol id="sm-2b0">
         <name>b2</name>
         <value>0x8e7a</value>
         <object_component_ref idref="oc-f4"/>
      </symbol>
      <symbol id="sm-2b1">
         <name>b1</name>
         <value>0x8e78</value>
         <object_component_ref idref="oc-f4"/>
      </symbol>
      <symbol id="sm-2b2">
         <name>b0</name>
         <value>0x8e76</value>
         <object_component_ref idref="oc-f4"/>
      </symbol>
      <symbol id="sm-2b3">
         <name>uINV_spll_1ph</name>
         <value>0x8f40</value>
         <object_component_ref idref="oc-f4"/>
      </symbol>
      <symbol id="sm-2b4">
         <name>kiI_7H</name>
         <value>0x8ea8</value>
         <object_component_ref idref="oc-f4"/>
      </symbol>
      <symbol id="sm-2b5">
         <name>SCI_COMMS_init</name>
         <value>0x844ad</value>
         <object_component_ref idref="oc-e4"/>
      </symbol>
      <symbol id="sm-2b6">
         <name>uINV_ACDC_stop</name>
         <value>0x8faa</value>
         <object_component_ref idref="oc-27"/>
      </symbol>
      <symbol id="sm-2b7">
         <name>computeDF22_NotchFltrCoeff</name>
         <value>0x8443f</value>
         <object_component_ref idref="oc-318"/>
      </symbol>
      <symbol id="sm-2b8">
         <name>uINV_ACDC_vDC_sensed_FILTER</name>
         <value>0x8fa0</value>
         <object_component_ref idref="oc-27"/>
      </symbol>
      <symbol id="sm-2b9">
         <name>uINV_DCAC_Index_Modulation_Amp</name>
         <value>0x8e4e</value>
         <object_component_ref idref="oc-f4"/>
      </symbol>
      <symbol id="sm-2ba">
         <name>a1</name>
         <value>0x8e74</value>
         <object_component_ref idref="oc-f4"/>
      </symbol>
      <symbol id="sm-2bb">
         <name>uINV_ACDC_FFW_K</name>
         <value>0xad8e</value>
         <object_component_ref idref="oc-f1"/>
      </symbol>
      <symbol id="sm-2bc">
         <name>uINV_DCDC_boost_enabled</name>
         <value>0xaee8</value>
         <object_component_ref idref="oc-2d"/>
      </symbol>
      <symbol id="sm-2bd">
         <name>uINV_DCDC_llc_compare_ticks</name>
         <value>0xaec6</value>
         <object_component_ref idref="oc-2d"/>
      </symbol>
      <symbol id="sm-2be">
         <name>uINV_DCDC_b3_pi_current</name>
         <value>0xabd6</value>
         <object_component_ref idref="oc-30"/>
      </symbol>
      <symbol id="sm-2bf">
         <name>uINV_DCAC_Init</name>
         <value>0x849dd</value>
         <object_component_ref idref="oc-2ab"/>
      </symbol>
      <symbol id="sm-2c0">
         <name>uINV_DCDC_llc2_period_ticks</name>
         <value>0xaed0</value>
         <object_component_ref idref="oc-2d"/>
      </symbol>
      <symbol id="sm-2c1">
         <name>uINV_ACDC_iAC_loop_out_PR9</name>
         <value>0x8e90</value>
         <object_component_ref idref="oc-f4"/>
      </symbol>
      <symbol id="sm-2c2">
         <name>uINV_ACDC_iAC_loop_out_PR5</name>
         <value>0x8e8c</value>
         <object_component_ref idref="oc-f4"/>
      </symbol>
      <symbol id="sm-2c3">
         <name>uINV_ACDC_iAC_loop_out_PR7</name>
         <value>0x8e8e</value>
         <object_component_ref idref="oc-f4"/>
      </symbol>
      <symbol id="sm-2c4">
         <name>uINV_ACDC_iAC_loop_out_PR1</name>
         <value>0x8e88</value>
         <object_component_ref idref="oc-f4"/>
      </symbol>
      <symbol id="sm-2c5">
         <name>uINV_ACDC_iAC_loop_out_PR3</name>
         <value>0x8e8a</value>
         <object_component_ref idref="oc-f4"/>
      </symbol>
      <symbol id="sm-2c6">
         <name>uINV_ACDC_iAC_imag_Ref</name>
         <value>0x8fae</value>
         <object_component_ref idref="oc-27"/>
      </symbol>
      <symbol id="sm-2c7">
         <name>CMD_init</name>
         <value>0x84e58</value>
         <object_component_ref idref="oc-2d6"/>
      </symbol>
      <symbol id="sm-2c8">
         <name>uINV_ACDC_vDC_Ref</name>
         <value>0x8fb4</value>
         <object_component_ref idref="oc-27"/>
      </symbol>
      <symbol id="sm-2c9">
         <name>uINV_DCAC_dLog1</name>
         <value>0x8ede</value>
         <object_component_ref idref="oc-f4"/>
      </symbol>
      <symbol id="sm-2ca">
         <name>uINV_DCAC_dLog2</name>
         <value>0x8f00</value>
         <object_component_ref idref="oc-f4"/>
      </symbol>
      <symbol id="sm-2cb">
         <name>uINV_ACDC_90_Shifted</name>
         <value>0x8e72</value>
         <object_component_ref idref="oc-f4"/>
      </symbol>
      <symbol id="sm-2cc">
         <name>uINV_DCDC_llc_freq_Hz</name>
         <value>0xaec2</value>
         <object_component_ref idref="oc-2d"/>
      </symbol>
      <symbol id="sm-2cd">
         <name>uINV_DCAC_rgen</name>
         <value>0x8ed8</value>
         <object_component_ref idref="oc-f4"/>
      </symbol>
      <symbol id="sm-2ce">
         <name>uINV_ACDC_iAC_current_ref_p</name>
         <value>0xae9c</value>
         <object_component_ref idref="oc-2a"/>
      </symbol>
      <symbol id="sm-2cf">
         <name>uINV_DCDC_llc_period_ticks</name>
         <value>0xaec4</value>
         <object_component_ref idref="oc-2d"/>
      </symbol>
      <symbol id="sm-2d0">
         <name>uINV_DCDC_b2_pi_voltage</name>
         <value>0xac40</value>
         <object_component_ref idref="oc-30"/>
      </symbol>
      <symbol id="sm-2d1">
         <name>__TI_decompress_none</name>
         <value>0x84e40</value>
         <object_component_ref idref="oc-1b"/>
      </symbol>
      <symbol id="sm-2d2">
         <name>_system_pre_init</name>
         <value>0x84e56</value>
         <object_component_ref idref="oc-1cd"/>
      </symbol>
      <symbol id="sm-2d3">
         <name>action_pr_flag</name>
         <value>0xaea6</value>
         <object_component_ref idref="oc-2a"/>
      </symbol>
      <symbol id="sm-2d4">
         <name>__TI_zero_init</name>
         <value>0x84e50</value>
         <object_component_ref idref="oc-6d"/>
      </symbol>
      <symbol id="sm-2f1">
         <name>Device_initGPIO</name>
         <value>0x84dcf</value>
         <object_component_ref idref="oc-27b"/>
      </symbol>
      <symbol id="sm-2f2">
         <name>Device_init</name>
         <value>0x8457f</value>
         <object_component_ref idref="oc-275"/>
      </symbol>
      <symbol id="sm-2f3">
         <name>__error__</name>
         <value>0x83ffd</value>
         <object_component_ref idref="oc-fe"/>
      </symbol>
      <symbol id="sm-302">
         <name>code_start</name>
         <value>0x80000</value>
         <object_component_ref idref="oc-22"/>
      </symbol>
      <symbol id="sm-32d">
         <name>uINV_comms_flag</name>
         <value>0xaeb8</value>
         <object_component_ref idref="oc-343"/>
      </symbol>
      <symbol id="sm-32e">
         <name>uINV_comms_data</name>
         <value>0x8fc0</value>
         <object_component_ref idref="oc-31f"/>
      </symbol>
      <symbol id="sm-32f">
         <name>uINV_comms_test</name>
         <value>0x848e8</value>
         <object_component_ref idref="oc-2b3"/>
      </symbol>
      <symbol id="sm-330">
         <name>uINV_comms_update_data</name>
         <value>0x83b44</value>
         <object_component_ref idref="oc-337"/>
      </symbol>
      <symbol id="sm-331">
         <name>uINV_comms_init</name>
         <value>0x84689</value>
         <object_component_ref idref="oc-29f"/>
      </symbol>
      <symbol id="sm-409">
         <name>B_Task_Ptr</name>
         <value>0x97d6</value>
         <object_component_ref idref="oc-f7"/>
      </symbol>
      <symbol id="sm-40a">
         <name>A_Task_Ptr</name>
         <value>0x97d4</value>
         <object_component_ref idref="oc-f7"/>
      </symbol>
      <symbol id="sm-40b">
         <name>Alpha_State_Ptr</name>
         <value>0x97d2</value>
         <object_component_ref idref="oc-f7"/>
      </symbol>
      <symbol id="sm-40c">
         <name>ISR2</name>
         <value>0xf578</value>
         <object_component_ref idref="oc-33"/>
      </symbol>
      <symbol id="sm-40d">
         <name>ISR1</name>
         <value>0xf000</value>
         <object_component_ref idref="oc-3f"/>
      </symbol>
      <symbol id="sm-40e">
         <name>main</name>
         <value>0x84516</value>
         <object_component_ref idref="oc-23a"/>
      </symbol>
      <symbol id="sm-40f">
         <name>B3</name>
         <value>0x84e38</value>
         <object_component_ref idref="oc-363"/>
      </symbol>
      <symbol id="sm-410">
         <name>B2</name>
         <value>0x84e30</value>
         <object_component_ref idref="oc-2f8"/>
      </symbol>
      <symbol id="sm-411">
         <name>B1</name>
         <value>0x84e28</value>
         <object_component_ref idref="oc-28d"/>
      </symbol>
      <symbol id="sm-412">
         <name>B0</name>
         <value>0x84e01</value>
         <object_component_ref idref="oc-2f0"/>
      </symbol>
      <symbol id="sm-413">
         <name>A1</name>
         <value>0x8354d</value>
         <object_component_ref idref="oc-287"/>
      </symbol>
      <symbol id="sm-414">
         <name>A0</name>
         <value>0x84df7</value>
         <object_component_ref idref="oc-281"/>
      </symbol>
      <symbol id="sm-41c">
         <name>DCL_runDF22_C1</name>
         <value>0xe000</value>
         <object_component_ref idref="oc-10a"/>
      </symbol>
      <symbol id="sm-425">
         <name>powf</name>
         <value>0x83e64</value>
         <object_component_ref idref="oc-332"/>
      </symbol>
      <symbol id="sm-428">
         <name>FPU32expTableEnd</name>
         <value>0xd18e</value>
         <object_component_ref idref="oc-38f"/>
      </symbol>
      <symbol id="sm-429">
         <name>FPU32expTable</name>
         <value>0xd0dc</value>
         <object_component_ref idref="oc-38f"/>
      </symbol>
      <symbol id="sm-42a">
         <name>FPU32expTableCoeffEnd</name>
         <value>0xd0dc</value>
         <object_component_ref idref="oc-38f"/>
      </symbol>
      <symbol id="sm-42b">
         <name>FPU32expTableCoeff</name>
         <value>0xd0d0</value>
         <object_component_ref idref="oc-38f"/>
      </symbol>
      <symbol id="sm-42e">
         <name>FPU32LOG_TABLE_MASK1</name>
         <value>0xd006</value>
         <object_component_ref idref="oc-38e"/>
      </symbol>
      <symbol id="sm-42f">
         <name>FPU32LOG_TABLE_MASK2</name>
         <value>0xd008</value>
         <object_component_ref idref="oc-38e"/>
      </symbol>
      <symbol id="sm-430">
         <name>FPU32INVLOG10</name>
         <value>0xd002</value>
         <object_component_ref idref="oc-38e"/>
      </symbol>
      <symbol id="sm-431">
         <name>FPU32EXPBIAS</name>
         <value>0xd004</value>
         <object_component_ref idref="oc-38e"/>
      </symbol>
      <symbol id="sm-432">
         <name>FPU32LOG2</name>
         <value>0xd000</value>
         <object_component_ref idref="oc-38e"/>
      </symbol>
      <symbol id="sm-433">
         <name>FPU32logTable</name>
         <value>0xd00a</value>
         <object_component_ref idref="oc-38e"/>
      </symbol>
      <symbol id="sm-434">
         <name>FPU32logTableEnd</name>
         <value>0xd0d0</value>
         <object_component_ref idref="oc-38e"/>
      </symbol>
      <symbol id="sm-44e">
         <name>ADC_setOffsetTrimAll</name>
         <value>0x84cd8</value>
         <object_component_ref idref="oc-1e9"/>
      </symbol>
      <symbol id="sm-44f">
         <name>ADC_setVREF</name>
         <value>0x84cf2</value>
         <object_component_ref idref="oc-15a"/>
      </symbol>
      <symbol id="sm-477">
         <name>CMPSS_configFilterHigh</name>
         <value>0x84d0b</value>
         <object_component_ref idref="oc-164"/>
      </symbol>
      <symbol id="sm-478">
         <name>CMPSS_configFilterLow</name>
         <value>0x84d24</value>
         <object_component_ref idref="oc-16a"/>
      </symbol>
      <symbol id="sm-479">
         <name>CMPSS_configLatchOnPWMSYNC</name>
         <value>0x84d6b</value>
         <object_component_ref idref="oc-176"/>
      </symbol>
      <symbol id="sm-47a">
         <name>CMPSS_configRamp</name>
         <value>0x84c81</value>
         <object_component_ref idref="oc-170"/>
      </symbol>
      <symbol id="sm-488">
         <name>ECAP_setEmulationMode</name>
         <value>0x82ff2</value>
         <object_component_ref idref="oc-17e"/>
      </symbol>
      <symbol id="sm-495">
         <name>EPWM_setEmulationMode</name>
         <value>0x84e1f</value>
         <object_component_ref idref="oc-185"/>
      </symbol>
      <symbol id="sm-4d1">
         <name>GPIO_setQualificationMode</name>
         <value>0x84bfc</value>
         <object_component_ref idref="oc-146"/>
      </symbol>
      <symbol id="sm-4d2">
         <name>GPIO_setPadConfig</name>
         <value>0x84928</value>
         <object_component_ref idref="oc-140"/>
      </symbol>
      <symbol id="sm-4d3">
         <name>GPIO_setAnalogMode</name>
         <value>0x846d4</value>
         <object_component_ref idref="oc-13a"/>
      </symbol>
      <symbol id="sm-4d4">
         <name>GPIO_setDirectionMode</name>
         <value>0x84c61</value>
         <object_component_ref idref="oc-19a"/>
      </symbol>
      <symbol id="sm-4d5">
         <name>GPIO_setPinConfig</name>
         <value>0x84a7f</value>
         <object_component_ref idref="oc-134"/>
      </symbol>
      <symbol id="sm-4d6">
         <name>GPIO_setControllerCore</name>
         <value>0x84bda</value>
         <object_component_ref idref="oc-1a0"/>
      </symbol>
      <symbol id="sm-50d">
         <name>Interrupt_defaultHandler</name>
         <value>0x84ddf</value>
         <object_component_ref idref="oc-57"/>
      </symbol>
      <symbol id="sm-50e">
         <name>Interrupt_initModule</name>
         <value>0x84825</value>
         <object_component_ref idref="oc-293"/>
      </symbol>
      <symbol id="sm-50f">
         <name>Interrupt_nmiHandler</name>
         <value>0x84e15</value>
         <object_component_ref idref="oc-45"/>
      </symbol>
      <symbol id="sm-510">
         <name>Interrupt_enable</name>
         <value>0x84a15</value>
         <object_component_ref idref="oc-ea"/>
      </symbol>
      <symbol id="sm-511">
         <name>Interrupt_initVectorTable</name>
         <value>0x84d80</value>
         <object_component_ref idref="oc-46"/>
      </symbol>
      <symbol id="sm-512">
         <name>Interrupt_illegalOperationHandler</name>
         <value>0x84e0b</value>
         <object_component_ref idref="oc-51"/>
      </symbol>
      <symbol id="sm-535">
         <name>SCI_clearInterruptStatus</name>
         <value>0x84ca0</value>
         <object_component_ref idref="oc-1a7"/>
      </symbol>
      <symbol id="sm-536">
         <name>SCI_writeCharArray</name>
         <value>0x84c1e</value>
         <object_component_ref idref="oc-33d"/>
      </symbol>
      <symbol id="sm-537">
         <name>SCI_setConfig</name>
         <value>0x84bb7</value>
         <object_component_ref idref="oc-1ad"/>
      </symbol>
      <symbol id="sm-5b4">
         <name>SysCtl_isPLLValid</name>
         <value>0x838a4</value>
         <object_component_ref idref="oc-353"/>
      </symbol>
      <symbol id="sm-5b5">
         <name>SysCtl_delay</name>
         <value>0xf8d9</value>
         <object_component_ref idref="oc-a7"/>
      </symbol>
      <symbol id="sm-5b6">
         <name>SysCtl_selectXTALSingleEnded</name>
         <value>0x84c40</value>
         <object_component_ref idref="oc-395"/>
      </symbol>
      <symbol id="sm-5b7">
         <name>SysCtl_selectXTAL</name>
         <value>0x84719</value>
         <object_component_ref idref="oc-39b"/>
      </symbol>
      <symbol id="sm-5b8">
         <name>SysCtl_selectOscSource</name>
         <value>0x84b0f</value>
         <object_component_ref idref="oc-34d"/>
      </symbol>
      <symbol id="sm-5b9">
         <name>SysCtl_getLowSpeedClock</name>
         <value>0x84d95</value>
         <object_component_ref idref="oc-2e8"/>
      </symbol>
      <symbol id="sm-5ba">
         <name>SysCtl_setClock</name>
         <value>0x83680</value>
         <object_component_ref idref="oc-2dc"/>
      </symbol>
      <symbol id="sm-5bb">
         <name>SysCtl_getClock</name>
         <value>0x845db</value>
         <object_component_ref idref="oc-2e2"/>
      </symbol>
      <symbol id="sm-5bc">
         <name>SysCtl_configureType</name>
         <value>0x84daa</value>
         <object_component_ref idref="oc-14d"/>
      </symbol>
      <symbol id="sm-5c9">
         <name>XBAR_setEPWMMuxConfig</name>
         <value>0x84b3c</value>
         <object_component_ref idref="oc-d8"/>
      </symbol>
      <symbol id="sm-5d3">
         <name>_c_int00</name>
         <value>0x84d3d</value>
         <object_component_ref idref="oc-124"/>
      </symbol>
      <symbol id="sm-5d4">
         <name>__stack</name>
         <value>0x400</value>
         <object_component_ref idref="oc-5d"/>
      </symbol>
      <symbol id="sm-5e1">
         <name>__c28xabi_divf</name>
         <value>0x8423b</value>
         <object_component_ref idref="oc-3a2"/>
      </symbol>
      <symbol id="sm-5f2">
         <name>__TI_auto_init_nopinit</name>
         <value>0x84a4b</value>
         <object_component_ref idref="oc-216"/>
      </symbol>
      <symbol id="sm-608">
         <name>C$$EXIT</name>
         <value>0x84b67</value>
         <object_component_ref idref="oc-1da"/>
      </symbol>
      <symbol id="sm-609">
         <name>abort</name>
         <value>0x84b67</value>
         <object_component_ref idref="oc-1da"/>
      </symbol>
      <symbol id="sm-60a">
         <name>exit</name>
         <value>0x84b69</value>
         <object_component_ref idref="oc-1da"/>
      </symbol>
      <symbol id="sm-60b">
         <name>__TI_dtors_ptr</name>
         <value>0xaeb6</value>
         <object_component_ref idref="oc-242"/>
      </symbol>
      <symbol id="sm-60c">
         <name>__TI_cleanup_ptr</name>
         <value>0xaeb4</value>
         <object_component_ref idref="oc-242"/>
      </symbol>
      <symbol id="sm-60d">
         <name>__TI_enable_exit_profile_output</name>
         <value>0xaeb2</value>
         <object_component_ref idref="oc-242"/>
      </symbol>
      <symbol id="sm-61c">
         <name>_args_main</name>
         <value>0x84deb</value>
         <object_component_ref idref="oc-1d4"/>
      </symbol>
      <symbol id="sm-629">
         <name>_system_post_cinit</name>
         <value>0x84e5a</value>
         <object_component_ref idref="oc-260"/>
      </symbol>
      <symbol id="sm-62b">
         <name>__c_args__</name>
         <value>0x0</value>
      </symbol>
   </symbol_table>
   <title>Link successful</title>
</link_info>
